Archive member included to satisfy reference by file (symbol)

c:/st/stm32cubeide_1.4.0/stm32cubeide/plugins/com.st.stm32cube.ide.mcu.externaltools.gnu-tools-for-stm32.7-2018-q2-update.win32_1.4.0.202007081208/tools/bin/../lib/gcc/arm-none-eabi/7.3.1/../../../../arm-none-eabi/lib/thumb/v7-m\libc_nano.a(lib_a-errno.o)
                              Src/syscalls.o (__errno)
c:/st/stm32cubeide_1.4.0/stm32cubeide/plugins/com.st.stm32cube.ide.mcu.externaltools.gnu-tools-for-stm32.7-2018-q2-update.win32_1.4.0.202007081208/tools/bin/../lib/gcc/arm-none-eabi/7.3.1/../../../../arm-none-eabi/lib/thumb/v7-m\libc_nano.a(lib_a-exit.o)
                              c:/st/stm32cubeide_1.4.0/stm32cubeide/plugins/com.st.stm32cube.ide.mcu.externaltools.gnu-tools-for-stm32.7-2018-q2-update.win32_1.4.0.202007081208/tools/bin/../lib/gcc/arm-none-eabi/7.3.1/../../../../arm-none-eabi/lib/thumb/v7-m/crt0.o (exit)
c:/st/stm32cubeide_1.4.0/stm32cubeide/plugins/com.st.stm32cube.ide.mcu.externaltools.gnu-tools-for-stm32.7-2018-q2-update.win32_1.4.0.202007081208/tools/bin/../lib/gcc/arm-none-eabi/7.3.1/../../../../arm-none-eabi/lib/thumb/v7-m\libc_nano.a(lib_a-impure.o)
                              c:/st/stm32cubeide_1.4.0/stm32cubeide/plugins/com.st.stm32cube.ide.mcu.externaltools.gnu-tools-for-stm32.7-2018-q2-update.win32_1.4.0.202007081208/tools/bin/../lib/gcc/arm-none-eabi/7.3.1/../../../../arm-none-eabi/lib/thumb/v7-m\libc_nano.a(lib_a-exit.o) (_global_impure_ptr)
c:/st/stm32cubeide_1.4.0/stm32cubeide/plugins/com.st.stm32cube.ide.mcu.externaltools.gnu-tools-for-stm32.7-2018-q2-update.win32_1.4.0.202007081208/tools/bin/../lib/gcc/arm-none-eabi/7.3.1/../../../../arm-none-eabi/lib/thumb/v7-m\libc_nano.a(lib_a-init.o)
                              c:/st/stm32cubeide_1.4.0/stm32cubeide/plugins/com.st.stm32cube.ide.mcu.externaltools.gnu-tools-for-stm32.7-2018-q2-update.win32_1.4.0.202007081208/tools/bin/../lib/gcc/arm-none-eabi/7.3.1/../../../../arm-none-eabi/lib/thumb/v7-m/crt0.o (__libc_init_array)
c:/st/stm32cubeide_1.4.0/stm32cubeide/plugins/com.st.stm32cube.ide.mcu.externaltools.gnu-tools-for-stm32.7-2018-q2-update.win32_1.4.0.202007081208/tools/bin/../lib/gcc/arm-none-eabi/7.3.1/../../../../arm-none-eabi/lib/thumb/v7-m\libc_nano.a(lib_a-memset.o)
                              c:/st/stm32cubeide_1.4.0/stm32cubeide/plugins/com.st.stm32cube.ide.mcu.externaltools.gnu-tools-for-stm32.7-2018-q2-update.win32_1.4.0.202007081208/tools/bin/../lib/gcc/arm-none-eabi/7.3.1/../../../../arm-none-eabi/lib/thumb/v7-m/crt0.o (memset)

Allocating common symbols
Common symbol       size              file

PCLK                0x4               Stm32_F103C6_drivers/Stm32_F103C6_UART_driver.o
GP_IRQ_CALLBACK     0x3c              Stm32_F103C6_drivers/Stm32_F103C6_EXTI_driver.o
BRR                 0x4               Stm32_F103C6_drivers/Stm32_F103C6_UART_driver.o
ch                  0x1               Src/main.o

Discarded input sections

 .text          0x0000000000000000        0x0 c:/st/stm32cubeide_1.4.0/stm32cubeide/plugins/com.st.stm32cube.ide.mcu.externaltools.gnu-tools-for-stm32.7-2018-q2-update.win32_1.4.0.202007081208/tools/bin/../lib/gcc/arm-none-eabi/7.3.1/thumb/v7-m/crti.o
 .data          0x0000000000000000        0x0 c:/st/stm32cubeide_1.4.0/stm32cubeide/plugins/com.st.stm32cube.ide.mcu.externaltools.gnu-tools-for-stm32.7-2018-q2-update.win32_1.4.0.202007081208/tools/bin/../lib/gcc/arm-none-eabi/7.3.1/thumb/v7-m/crti.o
 .bss           0x0000000000000000        0x0 c:/st/stm32cubeide_1.4.0/stm32cubeide/plugins/com.st.stm32cube.ide.mcu.externaltools.gnu-tools-for-stm32.7-2018-q2-update.win32_1.4.0.202007081208/tools/bin/../lib/gcc/arm-none-eabi/7.3.1/thumb/v7-m/crti.o
 .data          0x0000000000000000        0x4 c:/st/stm32cubeide_1.4.0/stm32cubeide/plugins/com.st.stm32cube.ide.mcu.externaltools.gnu-tools-for-stm32.7-2018-q2-update.win32_1.4.0.202007081208/tools/bin/../lib/gcc/arm-none-eabi/7.3.1/thumb/v7-m/crtbegin.o
 .text          0x0000000000000000       0x74 c:/st/stm32cubeide_1.4.0/stm32cubeide/plugins/com.st.stm32cube.ide.mcu.externaltools.gnu-tools-for-stm32.7-2018-q2-update.win32_1.4.0.202007081208/tools/bin/../lib/gcc/arm-none-eabi/7.3.1/../../../../arm-none-eabi/lib/thumb/v7-m/crt0.o
 .data          0x0000000000000000        0x0 c:/st/stm32cubeide_1.4.0/stm32cubeide/plugins/com.st.stm32cube.ide.mcu.externaltools.gnu-tools-for-stm32.7-2018-q2-update.win32_1.4.0.202007081208/tools/bin/../lib/gcc/arm-none-eabi/7.3.1/../../../../arm-none-eabi/lib/thumb/v7-m/crt0.o
 .bss           0x0000000000000000        0x0 c:/st/stm32cubeide_1.4.0/stm32cubeide/plugins/com.st.stm32cube.ide.mcu.externaltools.gnu-tools-for-stm32.7-2018-q2-update.win32_1.4.0.202007081208/tools/bin/../lib/gcc/arm-none-eabi/7.3.1/../../../../arm-none-eabi/lib/thumb/v7-m/crt0.o
 .ARM.extab     0x0000000000000000        0x0 c:/st/stm32cubeide_1.4.0/stm32cubeide/plugins/com.st.stm32cube.ide.mcu.externaltools.gnu-tools-for-stm32.7-2018-q2-update.win32_1.4.0.202007081208/tools/bin/../lib/gcc/arm-none-eabi/7.3.1/../../../../arm-none-eabi/lib/thumb/v7-m/crt0.o
 .ARM.exidx     0x0000000000000000        0x8 c:/st/stm32cubeide_1.4.0/stm32cubeide/plugins/com.st.stm32cube.ide.mcu.externaltools.gnu-tools-for-stm32.7-2018-q2-update.win32_1.4.0.202007081208/tools/bin/../lib/gcc/arm-none-eabi/7.3.1/../../../../arm-none-eabi/lib/thumb/v7-m/crt0.o
 .ARM.attributes
                0x0000000000000000       0x1b c:/st/stm32cubeide_1.4.0/stm32cubeide/plugins/com.st.stm32cube.ide.mcu.externaltools.gnu-tools-for-stm32.7-2018-q2-update.win32_1.4.0.202007081208/tools/bin/../lib/gcc/arm-none-eabi/7.3.1/../../../../arm-none-eabi/lib/thumb/v7-m/crt0.o
 .group         0x0000000000000000        0xc Src/main.o
 .group         0x0000000000000000        0xc Src/main.o
 .group         0x0000000000000000        0xc Src/main.o
 .group         0x0000000000000000        0xc Src/main.o
 .group         0x0000000000000000        0xc Src/main.o
 .group         0x0000000000000000        0xc Src/main.o
 .group         0x0000000000000000        0xc Src/main.o
 .group         0x0000000000000000        0xc Src/main.o
 .group         0x0000000000000000        0xc Src/main.o
 .group         0x0000000000000000        0xc Src/main.o
 .group         0x0000000000000000        0xc Src/main.o
 .group         0x0000000000000000        0xc Src/main.o
 .group         0x0000000000000000        0xc Src/main.o
 .group         0x0000000000000000        0xc Src/main.o
 .group         0x0000000000000000        0xc Src/main.o
 .group         0x0000000000000000        0xc Src/main.o
 .group         0x0000000000000000        0xc Src/main.o
 .group         0x0000000000000000        0xc Src/main.o
 .group         0x0000000000000000        0xc Src/main.o
 .group         0x0000000000000000        0xc Src/main.o
 .group         0x0000000000000000        0xc Src/main.o
 .group         0x0000000000000000        0xc Src/main.o
 .group         0x0000000000000000        0xc Src/main.o
 .group         0x0000000000000000        0xc Src/main.o
 .group         0x0000000000000000        0xc Src/main.o
 .group         0x0000000000000000        0xc Src/main.o
 .text          0x0000000000000000        0x0 Src/main.o
 .data          0x0000000000000000        0x0 Src/main.o
 .bss           0x0000000000000000        0x0 Src/main.o
 .group         0x0000000000000000        0xc Src/syscalls.o
 .group         0x0000000000000000        0xc Src/syscalls.o
 .group         0x0000000000000000        0xc Src/syscalls.o
 .group         0x0000000000000000        0xc Src/syscalls.o
 .group         0x0000000000000000        0xc Src/syscalls.o
 .group         0x0000000000000000        0xc Src/syscalls.o
 .group         0x0000000000000000        0xc Src/syscalls.o
 .group         0x0000000000000000        0xc Src/syscalls.o
 .group         0x0000000000000000        0xc Src/syscalls.o
 .group         0x0000000000000000        0xc Src/syscalls.o
 .group         0x0000000000000000        0xc Src/syscalls.o
 .group         0x0000000000000000        0xc Src/syscalls.o
 .group         0x0000000000000000        0xc Src/syscalls.o
 .group         0x0000000000000000        0xc Src/syscalls.o
 .group         0x0000000000000000        0xc Src/syscalls.o
 .group         0x0000000000000000        0xc Src/syscalls.o
 .group         0x0000000000000000        0xc Src/syscalls.o
 .group         0x0000000000000000        0xc Src/syscalls.o
 .group         0x0000000000000000        0xc Src/syscalls.o
 .group         0x0000000000000000        0xc Src/syscalls.o
 .group         0x0000000000000000        0xc Src/syscalls.o
 .group         0x0000000000000000        0xc Src/syscalls.o
 .group         0x0000000000000000        0xc Src/syscalls.o
 .group         0x0000000000000000        0xc Src/syscalls.o
 .group         0x0000000000000000        0xc Src/syscalls.o
 .group         0x0000000000000000        0xc Src/syscalls.o
 .group         0x0000000000000000        0xc Src/syscalls.o
 .group         0x0000000000000000        0xc Src/syscalls.o
 .group         0x0000000000000000        0xc Src/syscalls.o
 .group         0x0000000000000000        0xc Src/syscalls.o
 .group         0x0000000000000000        0xc Src/syscalls.o
 .group         0x0000000000000000        0xc Src/syscalls.o
 .group         0x0000000000000000        0xc Src/syscalls.o
 .group         0x0000000000000000        0xc Src/syscalls.o
 .group         0x0000000000000000        0xc Src/syscalls.o
 .group         0x0000000000000000        0xc Src/syscalls.o
 .group         0x0000000000000000        0xc Src/syscalls.o
 .group         0x0000000000000000        0xc Src/syscalls.o
 .group         0x0000000000000000        0xc Src/syscalls.o
 .group         0x0000000000000000        0xc Src/syscalls.o
 .group         0x0000000000000000        0xc Src/syscalls.o
 .group         0x0000000000000000        0xc Src/syscalls.o
 .group         0x0000000000000000        0xc Src/syscalls.o
 .group         0x0000000000000000        0xc Src/syscalls.o
 .text          0x0000000000000000        0x0 Src/syscalls.o
 .data          0x0000000000000000        0x0 Src/syscalls.o
 .bss           0x0000000000000000        0x0 Src/syscalls.o
 .bss.__env     0x0000000000000000        0x4 Src/syscalls.o
 .data.environ  0x0000000000000000        0x4 Src/syscalls.o
 .text.initialise_monitor_handles
                0x0000000000000000        0xc Src/syscalls.o
 .text._getpid  0x0000000000000000        0xe Src/syscalls.o
 .text._kill    0x0000000000000000       0x20 Src/syscalls.o
 .text._exit    0x0000000000000000       0x14 Src/syscalls.o
 .text._read    0x0000000000000000       0x3a Src/syscalls.o
 .text._write   0x0000000000000000       0x38 Src/syscalls.o
 .text._close   0x0000000000000000       0x16 Src/syscalls.o
 .text._fstat   0x0000000000000000       0x1e Src/syscalls.o
 .text._isatty  0x0000000000000000       0x14 Src/syscalls.o
 .text._lseek   0x0000000000000000       0x18 Src/syscalls.o
 .text._open    0x0000000000000000       0x1a Src/syscalls.o
 .text._wait    0x0000000000000000       0x1e Src/syscalls.o
 .text._unlink  0x0000000000000000       0x1e Src/syscalls.o
 .text._times   0x0000000000000000       0x16 Src/syscalls.o
 .text._stat    0x0000000000000000       0x1e Src/syscalls.o
 .text._link    0x0000000000000000       0x20 Src/syscalls.o
 .text._fork    0x0000000000000000       0x16 Src/syscalls.o
 .text._execve  0x0000000000000000       0x22 Src/syscalls.o
 .debug_info    0x0000000000000000     0x1038 Src/syscalls.o
 .debug_abbrev  0x0000000000000000      0x254 Src/syscalls.o
 .debug_loc     0x0000000000000000      0x5b8 Src/syscalls.o
 .debug_aranges
                0x0000000000000000       0xa8 Src/syscalls.o
 .debug_ranges  0x0000000000000000       0x98 Src/syscalls.o
 .debug_macro   0x0000000000000000      0x243 Src/syscalls.o
 .debug_macro   0x0000000000000000      0xa60 Src/syscalls.o
 .debug_macro   0x0000000000000000       0x22 Src/syscalls.o
 .debug_macro   0x0000000000000000       0x40 Src/syscalls.o
 .debug_macro   0x0000000000000000       0x18 Src/syscalls.o
 .debug_macro   0x0000000000000000       0x94 Src/syscalls.o
 .debug_macro   0x0000000000000000       0x3c Src/syscalls.o
 .debug_macro   0x0000000000000000       0x34 Src/syscalls.o
 .debug_macro   0x0000000000000000       0x57 Src/syscalls.o
 .debug_macro   0x0000000000000000      0x174 Src/syscalls.o
 .debug_macro   0x0000000000000000      0x330 Src/syscalls.o
 .debug_macro   0x0000000000000000       0x52 Src/syscalls.o
 .debug_macro   0x0000000000000000       0x1f Src/syscalls.o
 .debug_macro   0x0000000000000000       0x43 Src/syscalls.o
 .debug_macro   0x0000000000000000       0x20 Src/syscalls.o
 .debug_macro   0x0000000000000000      0x1a3 Src/syscalls.o
 .debug_macro   0x0000000000000000       0x10 Src/syscalls.o
 .debug_macro   0x0000000000000000       0x35 Src/syscalls.o
 .debug_macro   0x0000000000000000       0x10 Src/syscalls.o
 .debug_macro   0x0000000000000000       0x10 Src/syscalls.o
 .debug_macro   0x0000000000000000       0x10 Src/syscalls.o
 .debug_macro   0x0000000000000000       0x6a Src/syscalls.o
 .debug_macro   0x0000000000000000       0x1c Src/syscalls.o
 .debug_macro   0x0000000000000000       0x52 Src/syscalls.o
 .debug_macro   0x0000000000000000       0x40 Src/syscalls.o
 .debug_macro   0x0000000000000000       0x10 Src/syscalls.o
 .debug_macro   0x0000000000000000       0x40 Src/syscalls.o
 .debug_macro   0x0000000000000000       0xd7 Src/syscalls.o
 .debug_macro   0x0000000000000000       0x1c Src/syscalls.o
 .debug_macro   0x0000000000000000       0x3d Src/syscalls.o
 .debug_macro   0x0000000000000000       0x35 Src/syscalls.o
 .debug_macro   0x0000000000000000      0x122 Src/syscalls.o
 .debug_macro   0x0000000000000000       0x16 Src/syscalls.o
 .debug_macro   0x0000000000000000       0x16 Src/syscalls.o
 .debug_macro   0x0000000000000000       0x29 Src/syscalls.o
 .debug_macro   0x0000000000000000       0x10 Src/syscalls.o
 .debug_macro   0x0000000000000000      0x241 Src/syscalls.o
 .debug_macro   0x0000000000000000       0x1c Src/syscalls.o
 .debug_macro   0x0000000000000000       0x10 Src/syscalls.o
 .debug_macro   0x0000000000000000       0x10 Src/syscalls.o
 .debug_macro   0x0000000000000000       0x16 Src/syscalls.o
 .debug_macro   0x0000000000000000      0x145 Src/syscalls.o
 .debug_macro   0x0000000000000000      0x189 Src/syscalls.o
 .debug_macro   0x0000000000000000       0x16 Src/syscalls.o
 .debug_macro   0x0000000000000000       0x88 Src/syscalls.o
 .debug_line    0x0000000000000000      0x739 Src/syscalls.o
 .debug_str     0x0000000000000000     0x8861 Src/syscalls.o
 .comment       0x0000000000000000       0x7c Src/syscalls.o
 .debug_frame   0x0000000000000000      0x2ac Src/syscalls.o
 .ARM.attributes
                0x0000000000000000       0x33 Src/syscalls.o
 .group         0x0000000000000000        0xc Src/sysmem.o
 .group         0x0000000000000000        0xc Src/sysmem.o
 .group         0x0000000000000000        0xc Src/sysmem.o
 .group         0x0000000000000000        0xc Src/sysmem.o
 .group         0x0000000000000000        0xc Src/sysmem.o
 .group         0x0000000000000000        0xc Src/sysmem.o
 .group         0x0000000000000000        0xc Src/sysmem.o
 .group         0x0000000000000000        0xc Src/sysmem.o
 .group         0x0000000000000000        0xc Src/sysmem.o
 .group         0x0000000000000000        0xc Src/sysmem.o
 .group         0x0000000000000000        0xc Src/sysmem.o
 .group         0x0000000000000000        0xc Src/sysmem.o
 .group         0x0000000000000000        0xc Src/sysmem.o
 .group         0x0000000000000000        0xc Src/sysmem.o
 .group         0x0000000000000000        0xc Src/sysmem.o
 .group         0x0000000000000000        0xc Src/sysmem.o
 .group         0x0000000000000000        0xc Src/sysmem.o
 .group         0x0000000000000000        0xc Src/sysmem.o
 .group         0x0000000000000000        0xc Src/sysmem.o
 .text          0x0000000000000000        0x0 Src/sysmem.o
 .data          0x0000000000000000        0x0 Src/sysmem.o
 .bss           0x0000000000000000        0x0 Src/sysmem.o
 .bss.__sbrk_heap_end
                0x0000000000000000        0x4 Src/sysmem.o
 .text._sbrk    0x0000000000000000       0x6c Src/sysmem.o
 .debug_info    0x0000000000000000      0xa7c Src/sysmem.o
 .debug_abbrev  0x0000000000000000      0x18e Src/sysmem.o
 .debug_loc     0x0000000000000000       0x50 Src/sysmem.o
 .debug_aranges
                0x0000000000000000       0x20 Src/sysmem.o
 .debug_ranges  0x0000000000000000       0x10 Src/sysmem.o
 .debug_macro   0x0000000000000000       0xee Src/sysmem.o
 .debug_macro   0x0000000000000000      0xa60 Src/sysmem.o
 .debug_macro   0x0000000000000000       0x10 Src/sysmem.o
 .debug_macro   0x0000000000000000       0x22 Src/sysmem.o
 .debug_macro   0x0000000000000000       0x40 Src/sysmem.o
 .debug_macro   0x0000000000000000       0x18 Src/sysmem.o
 .debug_macro   0x0000000000000000       0x94 Src/sysmem.o
 .debug_macro   0x0000000000000000       0x3c Src/sysmem.o
 .debug_macro   0x0000000000000000       0x34 Src/sysmem.o
 .debug_macro   0x0000000000000000      0x174 Src/sysmem.o
 .debug_macro   0x0000000000000000       0x57 Src/sysmem.o
 .debug_macro   0x0000000000000000       0x52 Src/sysmem.o
 .debug_macro   0x0000000000000000       0x1f Src/sysmem.o
 .debug_macro   0x0000000000000000       0x43 Src/sysmem.o
 .debug_macro   0x0000000000000000       0x20 Src/sysmem.o
 .debug_macro   0x0000000000000000      0x1a3 Src/sysmem.o
 .debug_macro   0x0000000000000000      0x23b Src/sysmem.o
 .debug_macro   0x0000000000000000       0xef Src/sysmem.o
 .debug_macro   0x0000000000000000       0x6a Src/sysmem.o
 .debug_macro   0x0000000000000000      0x1df Src/sysmem.o
 .debug_line    0x0000000000000000      0x4c2 Src/sysmem.o
 .debug_str     0x0000000000000000     0x5f2f Src/sysmem.o
 .comment       0x0000000000000000       0x7c Src/sysmem.o
 .debug_frame   0x0000000000000000       0x34 Src/sysmem.o
 .ARM.attributes
                0x0000000000000000       0x33 Src/sysmem.o
 .text          0x0000000000000000       0x14 Startup/startup_stm32f103c6tx.o
 .data          0x0000000000000000        0x0 Startup/startup_stm32f103c6tx.o
 .bss           0x0000000000000000        0x0 Startup/startup_stm32f103c6tx.o
 .group         0x0000000000000000        0xc Stm32_F103C6_drivers/Stm32_F103C6_EXTI_driver.o
 .group         0x0000000000000000        0xc Stm32_F103C6_drivers/Stm32_F103C6_EXTI_driver.o
 .group         0x0000000000000000        0xc Stm32_F103C6_drivers/Stm32_F103C6_EXTI_driver.o
 .group         0x0000000000000000        0xc Stm32_F103C6_drivers/Stm32_F103C6_EXTI_driver.o
 .group         0x0000000000000000        0xc Stm32_F103C6_drivers/Stm32_F103C6_EXTI_driver.o
 .group         0x0000000000000000        0xc Stm32_F103C6_drivers/Stm32_F103C6_EXTI_driver.o
 .group         0x0000000000000000        0xc Stm32_F103C6_drivers/Stm32_F103C6_EXTI_driver.o
 .group         0x0000000000000000        0xc Stm32_F103C6_drivers/Stm32_F103C6_EXTI_driver.o
 .group         0x0000000000000000        0xc Stm32_F103C6_drivers/Stm32_F103C6_EXTI_driver.o
 .group         0x0000000000000000        0xc Stm32_F103C6_drivers/Stm32_F103C6_EXTI_driver.o
 .group         0x0000000000000000        0xc Stm32_F103C6_drivers/Stm32_F103C6_EXTI_driver.o
 .group         0x0000000000000000        0xc Stm32_F103C6_drivers/Stm32_F103C6_EXTI_driver.o
 .group         0x0000000000000000        0xc Stm32_F103C6_drivers/Stm32_F103C6_EXTI_driver.o
 .group         0x0000000000000000        0xc Stm32_F103C6_drivers/Stm32_F103C6_EXTI_driver.o
 .group         0x0000000000000000        0xc Stm32_F103C6_drivers/Stm32_F103C6_EXTI_driver.o
 .group         0x0000000000000000        0xc Stm32_F103C6_drivers/Stm32_F103C6_EXTI_driver.o
 .group         0x0000000000000000        0xc Stm32_F103C6_drivers/Stm32_F103C6_EXTI_driver.o
 .group         0x0000000000000000        0xc Stm32_F103C6_drivers/Stm32_F103C6_EXTI_driver.o
 .group         0x0000000000000000        0xc Stm32_F103C6_drivers/Stm32_F103C6_EXTI_driver.o
 .group         0x0000000000000000        0xc Stm32_F103C6_drivers/Stm32_F103C6_EXTI_driver.o
 .group         0x0000000000000000        0xc Stm32_F103C6_drivers/Stm32_F103C6_EXTI_driver.o
 .group         0x0000000000000000        0xc Stm32_F103C6_drivers/Stm32_F103C6_EXTI_driver.o
 .group         0x0000000000000000        0xc Stm32_F103C6_drivers/Stm32_F103C6_EXTI_driver.o
 .group         0x0000000000000000        0xc Stm32_F103C6_drivers/Stm32_F103C6_EXTI_driver.o
 .group         0x0000000000000000        0xc Stm32_F103C6_drivers/Stm32_F103C6_EXTI_driver.o
 .text          0x0000000000000000        0x0 Stm32_F103C6_drivers/Stm32_F103C6_EXTI_driver.o
 .data          0x0000000000000000        0x0 Stm32_F103C6_drivers/Stm32_F103C6_EXTI_driver.o
 .bss           0x0000000000000000        0x0 Stm32_F103C6_drivers/Stm32_F103C6_EXTI_driver.o
 .text.ENABLE_NVIC
                0x0000000000000000       0xcc Stm32_F103C6_drivers/Stm32_F103C6_EXTI_driver.o
 .text.DISABLE_NVIC
                0x0000000000000000       0xcc Stm32_F103C6_drivers/Stm32_F103C6_EXTI_driver.o
 .text.UPdate_EXTI
                0x0000000000000000      0x1a4 Stm32_F103C6_drivers/Stm32_F103C6_EXTI_driver.o
 .text.MCAL_EXTI_GPIO_INIT
                0x0000000000000000       0x16 Stm32_F103C6_drivers/Stm32_F103C6_EXTI_driver.o
 .text.MCAL_EXTI_GPIO_DEINIT
                0x0000000000000000       0x94 Stm32_F103C6_drivers/Stm32_F103C6_EXTI_driver.o
 .text.MCAL_EXTI_GPIO_UPDATE
                0x0000000000000000       0x16 Stm32_F103C6_drivers/Stm32_F103C6_EXTI_driver.o
 .debug_info    0x0000000000000000      0xd24 Stm32_F103C6_drivers/Stm32_F103C6_EXTI_driver.o
 .debug_abbrev  0x0000000000000000      0x1f8 Stm32_F103C6_drivers/Stm32_F103C6_EXTI_driver.o
 .debug_loc     0x0000000000000000      0x1ec Stm32_F103C6_drivers/Stm32_F103C6_EXTI_driver.o
 .debug_aranges
                0x0000000000000000       0x48 Stm32_F103C6_drivers/Stm32_F103C6_EXTI_driver.o
 .debug_ranges  0x0000000000000000       0x38 Stm32_F103C6_drivers/Stm32_F103C6_EXTI_driver.o
 .debug_macro   0x0000000000000000      0x158 Stm32_F103C6_drivers/Stm32_F103C6_EXTI_driver.o
 .debug_macro   0x0000000000000000      0xa60 Stm32_F103C6_drivers/Stm32_F103C6_EXTI_driver.o
 .debug_macro   0x0000000000000000       0x18 Stm32_F103C6_drivers/Stm32_F103C6_EXTI_driver.o
 .debug_macro   0x0000000000000000       0x22 Stm32_F103C6_drivers/Stm32_F103C6_EXTI_driver.o
 .debug_macro   0x0000000000000000       0x40 Stm32_F103C6_drivers/Stm32_F103C6_EXTI_driver.o
 .debug_macro   0x0000000000000000       0x94 Stm32_F103C6_drivers/Stm32_F103C6_EXTI_driver.o
 .debug_macro   0x0000000000000000       0x3c Stm32_F103C6_drivers/Stm32_F103C6_EXTI_driver.o
 .debug_macro   0x0000000000000000       0x34 Stm32_F103C6_drivers/Stm32_F103C6_EXTI_driver.o
 .debug_macro   0x0000000000000000       0x16 Stm32_F103C6_drivers/Stm32_F103C6_EXTI_driver.o
 .debug_macro   0x0000000000000000      0x10e Stm32_F103C6_drivers/Stm32_F103C6_EXTI_driver.o
 .debug_macro   0x0000000000000000       0x8d Stm32_F103C6_drivers/Stm32_F103C6_EXTI_driver.o
 .debug_macro   0x0000000000000000       0x57 Stm32_F103C6_drivers/Stm32_F103C6_EXTI_driver.o
 .debug_macro   0x0000000000000000       0x52 Stm32_F103C6_drivers/Stm32_F103C6_EXTI_driver.o
 .debug_macro   0x0000000000000000       0x1f Stm32_F103C6_drivers/Stm32_F103C6_EXTI_driver.o
 .debug_macro   0x0000000000000000       0x43 Stm32_F103C6_drivers/Stm32_F103C6_EXTI_driver.o
 .debug_macro   0x0000000000000000       0x20 Stm32_F103C6_drivers/Stm32_F103C6_EXTI_driver.o
 .debug_macro   0x0000000000000000      0x1a3 Stm32_F103C6_drivers/Stm32_F103C6_EXTI_driver.o
 .debug_macro   0x0000000000000000      0x330 Stm32_F103C6_drivers/Stm32_F103C6_EXTI_driver.o
 .debug_macro   0x0000000000000000       0x16 Stm32_F103C6_drivers/Stm32_F103C6_EXTI_driver.o
 .debug_macro   0x0000000000000000       0x29 Stm32_F103C6_drivers/Stm32_F103C6_EXTI_driver.o
 .debug_macro   0x0000000000000000       0xef Stm32_F103C6_drivers/Stm32_F103C6_EXTI_driver.o
 .debug_macro   0x0000000000000000       0x6a Stm32_F103C6_drivers/Stm32_F103C6_EXTI_driver.o
 .debug_macro   0x0000000000000000      0x1df Stm32_F103C6_drivers/Stm32_F103C6_EXTI_driver.o
 .debug_macro   0x0000000000000000      0x2be Stm32_F103C6_drivers/Stm32_F103C6_EXTI_driver.o
 .debug_macro   0x0000000000000000       0xd0 Stm32_F103C6_drivers/Stm32_F103C6_EXTI_driver.o
 .debug_macro   0x0000000000000000      0x21f Stm32_F103C6_drivers/Stm32_F103C6_EXTI_driver.o
 .debug_line    0x0000000000000000      0x618 Stm32_F103C6_drivers/Stm32_F103C6_EXTI_driver.o
 .debug_str     0x0000000000000000     0x97bd Stm32_F103C6_drivers/Stm32_F103C6_EXTI_driver.o
 .comment       0x0000000000000000       0x7c Stm32_F103C6_drivers/Stm32_F103C6_EXTI_driver.o
 .debug_frame   0x0000000000000000       0xec Stm32_F103C6_drivers/Stm32_F103C6_EXTI_driver.o
 .ARM.attributes
                0x0000000000000000       0x33 Stm32_F103C6_drivers/Stm32_F103C6_EXTI_driver.o
 COMMON         0x0000000000000000       0x3c Stm32_F103C6_drivers/Stm32_F103C6_EXTI_driver.o
 .group         0x0000000000000000        0xc Stm32_F103C6_drivers/Stm32_F103C6_Gpio_driver.o
 .group         0x0000000000000000        0xc Stm32_F103C6_drivers/Stm32_F103C6_Gpio_driver.o
 .group         0x0000000000000000        0xc Stm32_F103C6_drivers/Stm32_F103C6_Gpio_driver.o
 .group         0x0000000000000000        0xc Stm32_F103C6_drivers/Stm32_F103C6_Gpio_driver.o
 .group         0x0000000000000000        0xc Stm32_F103C6_drivers/Stm32_F103C6_Gpio_driver.o
 .group         0x0000000000000000        0xc Stm32_F103C6_drivers/Stm32_F103C6_Gpio_driver.o
 .group         0x0000000000000000        0xc Stm32_F103C6_drivers/Stm32_F103C6_Gpio_driver.o
 .group         0x0000000000000000        0xc Stm32_F103C6_drivers/Stm32_F103C6_Gpio_driver.o
 .group         0x0000000000000000        0xc Stm32_F103C6_drivers/Stm32_F103C6_Gpio_driver.o
 .group         0x0000000000000000        0xc Stm32_F103C6_drivers/Stm32_F103C6_Gpio_driver.o
 .group         0x0000000000000000        0xc Stm32_F103C6_drivers/Stm32_F103C6_Gpio_driver.o
 .group         0x0000000000000000        0xc Stm32_F103C6_drivers/Stm32_F103C6_Gpio_driver.o
 .group         0x0000000000000000        0xc Stm32_F103C6_drivers/Stm32_F103C6_Gpio_driver.o
 .group         0x0000000000000000        0xc Stm32_F103C6_drivers/Stm32_F103C6_Gpio_driver.o
 .group         0x0000000000000000        0xc Stm32_F103C6_drivers/Stm32_F103C6_Gpio_driver.o
 .group         0x0000000000000000        0xc Stm32_F103C6_drivers/Stm32_F103C6_Gpio_driver.o
 .group         0x0000000000000000        0xc Stm32_F103C6_drivers/Stm32_F103C6_Gpio_driver.o
 .group         0x0000000000000000        0xc Stm32_F103C6_drivers/Stm32_F103C6_Gpio_driver.o
 .group         0x0000000000000000        0xc Stm32_F103C6_drivers/Stm32_F103C6_Gpio_driver.o
 .group         0x0000000000000000        0xc Stm32_F103C6_drivers/Stm32_F103C6_Gpio_driver.o
 .group         0x0000000000000000        0xc Stm32_F103C6_drivers/Stm32_F103C6_Gpio_driver.o
 .group         0x0000000000000000        0xc Stm32_F103C6_drivers/Stm32_F103C6_Gpio_driver.o
 .group         0x0000000000000000        0xc Stm32_F103C6_drivers/Stm32_F103C6_Gpio_driver.o
 .group         0x0000000000000000        0xc Stm32_F103C6_drivers/Stm32_F103C6_Gpio_driver.o
 .text          0x0000000000000000        0x0 Stm32_F103C6_drivers/Stm32_F103C6_Gpio_driver.o
 .data          0x0000000000000000        0x0 Stm32_F103C6_drivers/Stm32_F103C6_Gpio_driver.o
 .bss           0x0000000000000000        0x0 Stm32_F103C6_drivers/Stm32_F103C6_Gpio_driver.o
 .text.MCAL_GPIO_Deinit
                0x0000000000000000       0xd4 Stm32_F103C6_drivers/Stm32_F103C6_Gpio_driver.o
 .text.MCAL_GPIO_Read_Pin
                0x0000000000000000       0x32 Stm32_F103C6_drivers/Stm32_F103C6_Gpio_driver.o
 .text.MCAL_GPIO_ReadPort
                0x0000000000000000       0x1e Stm32_F103C6_drivers/Stm32_F103C6_Gpio_driver.o
 .text.MCAL_GPIO_WritePin
                0x0000000000000000       0x3c Stm32_F103C6_drivers/Stm32_F103C6_Gpio_driver.o
 .text.MCAL_GPIO_WritePort
                0x0000000000000000       0x1c Stm32_F103C6_drivers/Stm32_F103C6_Gpio_driver.o
 .text.MCAL_GPIO_Toggle_pin
                0x0000000000000000       0x22 Stm32_F103C6_drivers/Stm32_F103C6_Gpio_driver.o
 .text.MCAL_GPIO_LockPin
                0x0000000000000000       0x4c Stm32_F103C6_drivers/Stm32_F103C6_Gpio_driver.o
 .debug_macro   0x0000000000000000      0xa60 Stm32_F103C6_drivers/Stm32_F103C6_Gpio_driver.o
 .debug_macro   0x0000000000000000       0x18 Stm32_F103C6_drivers/Stm32_F103C6_Gpio_driver.o
 .debug_macro   0x0000000000000000       0x22 Stm32_F103C6_drivers/Stm32_F103C6_Gpio_driver.o
 .debug_macro   0x0000000000000000       0x40 Stm32_F103C6_drivers/Stm32_F103C6_Gpio_driver.o
 .debug_macro   0x0000000000000000       0x94 Stm32_F103C6_drivers/Stm32_F103C6_Gpio_driver.o
 .debug_macro   0x0000000000000000       0x3c Stm32_F103C6_drivers/Stm32_F103C6_Gpio_driver.o
 .debug_macro   0x0000000000000000       0x34 Stm32_F103C6_drivers/Stm32_F103C6_Gpio_driver.o
 .debug_macro   0x0000000000000000       0x16 Stm32_F103C6_drivers/Stm32_F103C6_Gpio_driver.o
 .debug_macro   0x0000000000000000      0x10e Stm32_F103C6_drivers/Stm32_F103C6_Gpio_driver.o
 .debug_macro   0x0000000000000000       0x8d Stm32_F103C6_drivers/Stm32_F103C6_Gpio_driver.o
 .debug_macro   0x0000000000000000       0x57 Stm32_F103C6_drivers/Stm32_F103C6_Gpio_driver.o
 .debug_macro   0x0000000000000000       0x52 Stm32_F103C6_drivers/Stm32_F103C6_Gpio_driver.o
 .debug_macro   0x0000000000000000       0x1f Stm32_F103C6_drivers/Stm32_F103C6_Gpio_driver.o
 .debug_macro   0x0000000000000000       0x43 Stm32_F103C6_drivers/Stm32_F103C6_Gpio_driver.o
 .debug_macro   0x0000000000000000       0x20 Stm32_F103C6_drivers/Stm32_F103C6_Gpio_driver.o
 .debug_macro   0x0000000000000000      0x1a3 Stm32_F103C6_drivers/Stm32_F103C6_Gpio_driver.o
 .debug_macro   0x0000000000000000      0x330 Stm32_F103C6_drivers/Stm32_F103C6_Gpio_driver.o
 .debug_macro   0x0000000000000000       0x16 Stm32_F103C6_drivers/Stm32_F103C6_Gpio_driver.o
 .debug_macro   0x0000000000000000       0x29 Stm32_F103C6_drivers/Stm32_F103C6_Gpio_driver.o
 .debug_macro   0x0000000000000000       0xef Stm32_F103C6_drivers/Stm32_F103C6_Gpio_driver.o
 .debug_macro   0x0000000000000000       0x6a Stm32_F103C6_drivers/Stm32_F103C6_Gpio_driver.o
 .debug_macro   0x0000000000000000      0x1df Stm32_F103C6_drivers/Stm32_F103C6_Gpio_driver.o
 .debug_macro   0x0000000000000000      0x2be Stm32_F103C6_drivers/Stm32_F103C6_Gpio_driver.o
 .debug_macro   0x0000000000000000       0xd0 Stm32_F103C6_drivers/Stm32_F103C6_Gpio_driver.o
 .group         0x0000000000000000        0xc Stm32_F103C6_drivers/Stm32_F103C6_RCC_driver.o
 .group         0x0000000000000000        0xc Stm32_F103C6_drivers/Stm32_F103C6_RCC_driver.o
 .group         0x0000000000000000        0xc Stm32_F103C6_drivers/Stm32_F103C6_RCC_driver.o
 .group         0x0000000000000000        0xc Stm32_F103C6_drivers/Stm32_F103C6_RCC_driver.o
 .group         0x0000000000000000        0xc Stm32_F103C6_drivers/Stm32_F103C6_RCC_driver.o
 .group         0x0000000000000000        0xc Stm32_F103C6_drivers/Stm32_F103C6_RCC_driver.o
 .group         0x0000000000000000        0xc Stm32_F103C6_drivers/Stm32_F103C6_RCC_driver.o
 .group         0x0000000000000000        0xc Stm32_F103C6_drivers/Stm32_F103C6_RCC_driver.o
 .group         0x0000000000000000        0xc Stm32_F103C6_drivers/Stm32_F103C6_RCC_driver.o
 .group         0x0000000000000000        0xc Stm32_F103C6_drivers/Stm32_F103C6_RCC_driver.o
 .group         0x0000000000000000        0xc Stm32_F103C6_drivers/Stm32_F103C6_RCC_driver.o
 .group         0x0000000000000000        0xc Stm32_F103C6_drivers/Stm32_F103C6_RCC_driver.o
 .group         0x0000000000000000        0xc Stm32_F103C6_drivers/Stm32_F103C6_RCC_driver.o
 .group         0x0000000000000000        0xc Stm32_F103C6_drivers/Stm32_F103C6_RCC_driver.o
 .group         0x0000000000000000        0xc Stm32_F103C6_drivers/Stm32_F103C6_RCC_driver.o
 .group         0x0000000000000000        0xc Stm32_F103C6_drivers/Stm32_F103C6_RCC_driver.o
 .group         0x0000000000000000        0xc Stm32_F103C6_drivers/Stm32_F103C6_RCC_driver.o
 .group         0x0000000000000000        0xc Stm32_F103C6_drivers/Stm32_F103C6_RCC_driver.o
 .group         0x0000000000000000        0xc Stm32_F103C6_drivers/Stm32_F103C6_RCC_driver.o
 .group         0x0000000000000000        0xc Stm32_F103C6_drivers/Stm32_F103C6_RCC_driver.o
 .group         0x0000000000000000        0xc Stm32_F103C6_drivers/Stm32_F103C6_RCC_driver.o
 .group         0x0000000000000000        0xc Stm32_F103C6_drivers/Stm32_F103C6_RCC_driver.o
 .group         0x0000000000000000        0xc Stm32_F103C6_drivers/Stm32_F103C6_RCC_driver.o
 .group         0x0000000000000000        0xc Stm32_F103C6_drivers/Stm32_F103C6_RCC_driver.o
 .group         0x0000000000000000        0xc Stm32_F103C6_drivers/Stm32_F103C6_RCC_driver.o
 .text          0x0000000000000000        0x0 Stm32_F103C6_drivers/Stm32_F103C6_RCC_driver.o
 .data          0x0000000000000000        0x0 Stm32_F103C6_drivers/Stm32_F103C6_RCC_driver.o
 .bss           0x0000000000000000        0x0 Stm32_F103C6_drivers/Stm32_F103C6_RCC_driver.o
 .debug_macro   0x0000000000000000      0xa60 Stm32_F103C6_drivers/Stm32_F103C6_RCC_driver.o
 .debug_macro   0x0000000000000000       0x18 Stm32_F103C6_drivers/Stm32_F103C6_RCC_driver.o
 .debug_macro   0x0000000000000000       0x22 Stm32_F103C6_drivers/Stm32_F103C6_RCC_driver.o
 .debug_macro   0x0000000000000000       0x40 Stm32_F103C6_drivers/Stm32_F103C6_RCC_driver.o
 .debug_macro   0x0000000000000000       0x94 Stm32_F103C6_drivers/Stm32_F103C6_RCC_driver.o
 .debug_macro   0x0000000000000000       0x3c Stm32_F103C6_drivers/Stm32_F103C6_RCC_driver.o
 .debug_macro   0x0000000000000000       0x34 Stm32_F103C6_drivers/Stm32_F103C6_RCC_driver.o
 .debug_macro   0x0000000000000000       0x16 Stm32_F103C6_drivers/Stm32_F103C6_RCC_driver.o
 .debug_macro   0x0000000000000000      0x10e Stm32_F103C6_drivers/Stm32_F103C6_RCC_driver.o
 .debug_macro   0x0000000000000000       0x8d Stm32_F103C6_drivers/Stm32_F103C6_RCC_driver.o
 .debug_macro   0x0000000000000000       0x57 Stm32_F103C6_drivers/Stm32_F103C6_RCC_driver.o
 .debug_macro   0x0000000000000000       0x52 Stm32_F103C6_drivers/Stm32_F103C6_RCC_driver.o
 .debug_macro   0x0000000000000000       0x1f Stm32_F103C6_drivers/Stm32_F103C6_RCC_driver.o
 .debug_macro   0x0000000000000000       0x43 Stm32_F103C6_drivers/Stm32_F103C6_RCC_driver.o
 .debug_macro   0x0000000000000000       0x20 Stm32_F103C6_drivers/Stm32_F103C6_RCC_driver.o
 .debug_macro   0x0000000000000000      0x1a3 Stm32_F103C6_drivers/Stm32_F103C6_RCC_driver.o
 .debug_macro   0x0000000000000000      0x330 Stm32_F103C6_drivers/Stm32_F103C6_RCC_driver.o
 .debug_macro   0x0000000000000000       0x16 Stm32_F103C6_drivers/Stm32_F103C6_RCC_driver.o
 .debug_macro   0x0000000000000000       0x29 Stm32_F103C6_drivers/Stm32_F103C6_RCC_driver.o
 .debug_macro   0x0000000000000000       0xef Stm32_F103C6_drivers/Stm32_F103C6_RCC_driver.o
 .debug_macro   0x0000000000000000       0x6a Stm32_F103C6_drivers/Stm32_F103C6_RCC_driver.o
 .debug_macro   0x0000000000000000      0x1df Stm32_F103C6_drivers/Stm32_F103C6_RCC_driver.o
 .debug_macro   0x0000000000000000      0x2be Stm32_F103C6_drivers/Stm32_F103C6_RCC_driver.o
 .debug_macro   0x0000000000000000       0xd0 Stm32_F103C6_drivers/Stm32_F103C6_RCC_driver.o
 .group         0x0000000000000000        0xc Stm32_F103C6_drivers/Stm32_F103C6_UART_driver.o
 .group         0x0000000000000000        0xc Stm32_F103C6_drivers/Stm32_F103C6_UART_driver.o
 .group         0x0000000000000000        0xc Stm32_F103C6_drivers/Stm32_F103C6_UART_driver.o
 .group         0x0000000000000000        0xc Stm32_F103C6_drivers/Stm32_F103C6_UART_driver.o
 .group         0x0000000000000000        0xc Stm32_F103C6_drivers/Stm32_F103C6_UART_driver.o
 .group         0x0000000000000000        0xc Stm32_F103C6_drivers/Stm32_F103C6_UART_driver.o
 .group         0x0000000000000000        0xc Stm32_F103C6_drivers/Stm32_F103C6_UART_driver.o
 .group         0x0000000000000000        0xc Stm32_F103C6_drivers/Stm32_F103C6_UART_driver.o
 .group         0x0000000000000000        0xc Stm32_F103C6_drivers/Stm32_F103C6_UART_driver.o
 .group         0x0000000000000000        0xc Stm32_F103C6_drivers/Stm32_F103C6_UART_driver.o
 .group         0x0000000000000000        0xc Stm32_F103C6_drivers/Stm32_F103C6_UART_driver.o
 .group         0x0000000000000000        0xc Stm32_F103C6_drivers/Stm32_F103C6_UART_driver.o
 .group         0x0000000000000000        0xc Stm32_F103C6_drivers/Stm32_F103C6_UART_driver.o
 .group         0x0000000000000000        0xc Stm32_F103C6_drivers/Stm32_F103C6_UART_driver.o
 .group         0x0000000000000000        0xc Stm32_F103C6_drivers/Stm32_F103C6_UART_driver.o
 .group         0x0000000000000000        0xc Stm32_F103C6_drivers/Stm32_F103C6_UART_driver.o
 .group         0x0000000000000000        0xc Stm32_F103C6_drivers/Stm32_F103C6_UART_driver.o
 .group         0x0000000000000000        0xc Stm32_F103C6_drivers/Stm32_F103C6_UART_driver.o
 .group         0x0000000000000000        0xc Stm32_F103C6_drivers/Stm32_F103C6_UART_driver.o
 .group         0x0000000000000000        0xc Stm32_F103C6_drivers/Stm32_F103C6_UART_driver.o
 .group         0x0000000000000000        0xc Stm32_F103C6_drivers/Stm32_F103C6_UART_driver.o
 .group         0x0000000000000000        0xc Stm32_F103C6_drivers/Stm32_F103C6_UART_driver.o
 .group         0x0000000000000000        0xc Stm32_F103C6_drivers/Stm32_F103C6_UART_driver.o
 .group         0x0000000000000000        0xc Stm32_F103C6_drivers/Stm32_F103C6_UART_driver.o
 .group         0x0000000000000000        0xc Stm32_F103C6_drivers/Stm32_F103C6_UART_driver.o
 .group         0x0000000000000000        0xc Stm32_F103C6_drivers/Stm32_F103C6_UART_driver.o
 .text          0x0000000000000000        0x0 Stm32_F103C6_drivers/Stm32_F103C6_UART_driver.o
 .data          0x0000000000000000        0x0 Stm32_F103C6_drivers/Stm32_F103C6_UART_driver.o
 .bss           0x0000000000000000        0x0 Stm32_F103C6_drivers/Stm32_F103C6_UART_driver.o
 .text.UART_MCAL_DeInit
                0x0000000000000000       0x8c Stm32_F103C6_drivers/Stm32_F103C6_UART_driver.o
 .text.MCAL_UART_WAIT_TC
                0x0000000000000000       0x20 Stm32_F103C6_drivers/Stm32_F103C6_UART_driver.o
 .debug_macro   0x0000000000000000      0xa60 Stm32_F103C6_drivers/Stm32_F103C6_UART_driver.o
 .debug_macro   0x0000000000000000       0x18 Stm32_F103C6_drivers/Stm32_F103C6_UART_driver.o
 .debug_macro   0x0000000000000000       0x22 Stm32_F103C6_drivers/Stm32_F103C6_UART_driver.o
 .debug_macro   0x0000000000000000       0x40 Stm32_F103C6_drivers/Stm32_F103C6_UART_driver.o
 .debug_macro   0x0000000000000000       0x94 Stm32_F103C6_drivers/Stm32_F103C6_UART_driver.o
 .debug_macro   0x0000000000000000       0x3c Stm32_F103C6_drivers/Stm32_F103C6_UART_driver.o
 .debug_macro   0x0000000000000000       0x34 Stm32_F103C6_drivers/Stm32_F103C6_UART_driver.o
 .debug_macro   0x0000000000000000       0x16 Stm32_F103C6_drivers/Stm32_F103C6_UART_driver.o
 .debug_macro   0x0000000000000000      0x10e Stm32_F103C6_drivers/Stm32_F103C6_UART_driver.o
 .debug_macro   0x0000000000000000       0x8d Stm32_F103C6_drivers/Stm32_F103C6_UART_driver.o
 .debug_macro   0x0000000000000000       0x57 Stm32_F103C6_drivers/Stm32_F103C6_UART_driver.o
 .debug_macro   0x0000000000000000       0x52 Stm32_F103C6_drivers/Stm32_F103C6_UART_driver.o
 .debug_macro   0x0000000000000000       0x1f Stm32_F103C6_drivers/Stm32_F103C6_UART_driver.o
 .debug_macro   0x0000000000000000       0x43 Stm32_F103C6_drivers/Stm32_F103C6_UART_driver.o
 .debug_macro   0x0000000000000000       0x20 Stm32_F103C6_drivers/Stm32_F103C6_UART_driver.o
 .debug_macro   0x0000000000000000      0x1a3 Stm32_F103C6_drivers/Stm32_F103C6_UART_driver.o
 .debug_macro   0x0000000000000000      0x330 Stm32_F103C6_drivers/Stm32_F103C6_UART_driver.o
 .debug_macro   0x0000000000000000       0x16 Stm32_F103C6_drivers/Stm32_F103C6_UART_driver.o
 .debug_macro   0x0000000000000000       0x29 Stm32_F103C6_drivers/Stm32_F103C6_UART_driver.o
 .debug_macro   0x0000000000000000       0xef Stm32_F103C6_drivers/Stm32_F103C6_UART_driver.o
 .debug_macro   0x0000000000000000       0x6a Stm32_F103C6_drivers/Stm32_F103C6_UART_driver.o
 .debug_macro   0x0000000000000000      0x1df Stm32_F103C6_drivers/Stm32_F103C6_UART_driver.o
 .debug_macro   0x0000000000000000      0x2be Stm32_F103C6_drivers/Stm32_F103C6_UART_driver.o
 .debug_macro   0x0000000000000000       0xd0 Stm32_F103C6_drivers/Stm32_F103C6_UART_driver.o
 .debug_macro   0x0000000000000000       0x16 Stm32_F103C6_drivers/Stm32_F103C6_UART_driver.o
 .debug_macro   0x0000000000000000       0xe2 Stm32_F103C6_drivers/Stm32_F103C6_UART_driver.o
 .text          0x0000000000000000        0x0 c:/st/stm32cubeide_1.4.0/stm32cubeide/plugins/com.st.stm32cube.ide.mcu.externaltools.gnu-tools-for-stm32.7-2018-q2-update.win32_1.4.0.202007081208/tools/bin/../lib/gcc/arm-none-eabi/7.3.1/../../../../arm-none-eabi/lib/thumb/v7-m\libc_nano.a(lib_a-errno.o)
 .data          0x0000000000000000        0x0 c:/st/stm32cubeide_1.4.0/stm32cubeide/plugins/com.st.stm32cube.ide.mcu.externaltools.gnu-tools-for-stm32.7-2018-q2-update.win32_1.4.0.202007081208/tools/bin/../lib/gcc/arm-none-eabi/7.3.1/../../../../arm-none-eabi/lib/thumb/v7-m\libc_nano.a(lib_a-errno.o)
 .bss           0x0000000000000000        0x0 c:/st/stm32cubeide_1.4.0/stm32cubeide/plugins/com.st.stm32cube.ide.mcu.externaltools.gnu-tools-for-stm32.7-2018-q2-update.win32_1.4.0.202007081208/tools/bin/../lib/gcc/arm-none-eabi/7.3.1/../../../../arm-none-eabi/lib/thumb/v7-m\libc_nano.a(lib_a-errno.o)
 .text.__errno  0x0000000000000000        0xc c:/st/stm32cubeide_1.4.0/stm32cubeide/plugins/com.st.stm32cube.ide.mcu.externaltools.gnu-tools-for-stm32.7-2018-q2-update.win32_1.4.0.202007081208/tools/bin/../lib/gcc/arm-none-eabi/7.3.1/../../../../arm-none-eabi/lib/thumb/v7-m\libc_nano.a(lib_a-errno.o)
 .debug_frame   0x0000000000000000       0x20 c:/st/stm32cubeide_1.4.0/stm32cubeide/plugins/com.st.stm32cube.ide.mcu.externaltools.gnu-tools-for-stm32.7-2018-q2-update.win32_1.4.0.202007081208/tools/bin/../lib/gcc/arm-none-eabi/7.3.1/../../../../arm-none-eabi/lib/thumb/v7-m\libc_nano.a(lib_a-errno.o)
 .ARM.attributes
                0x0000000000000000       0x2d c:/st/stm32cubeide_1.4.0/stm32cubeide/plugins/com.st.stm32cube.ide.mcu.externaltools.gnu-tools-for-stm32.7-2018-q2-update.win32_1.4.0.202007081208/tools/bin/../lib/gcc/arm-none-eabi/7.3.1/../../../../arm-none-eabi/lib/thumb/v7-m\libc_nano.a(lib_a-errno.o)
 .text          0x0000000000000000        0x0 c:/st/stm32cubeide_1.4.0/stm32cubeide/plugins/com.st.stm32cube.ide.mcu.externaltools.gnu-tools-for-stm32.7-2018-q2-update.win32_1.4.0.202007081208/tools/bin/../lib/gcc/arm-none-eabi/7.3.1/../../../../arm-none-eabi/lib/thumb/v7-m\libc_nano.a(lib_a-exit.o)
 .data          0x0000000000000000        0x0 c:/st/stm32cubeide_1.4.0/stm32cubeide/plugins/com.st.stm32cube.ide.mcu.externaltools.gnu-tools-for-stm32.7-2018-q2-update.win32_1.4.0.202007081208/tools/bin/../lib/gcc/arm-none-eabi/7.3.1/../../../../arm-none-eabi/lib/thumb/v7-m\libc_nano.a(lib_a-exit.o)
 .bss           0x0000000000000000        0x0 c:/st/stm32cubeide_1.4.0/stm32cubeide/plugins/com.st.stm32cube.ide.mcu.externaltools.gnu-tools-for-stm32.7-2018-q2-update.win32_1.4.0.202007081208/tools/bin/../lib/gcc/arm-none-eabi/7.3.1/../../../../arm-none-eabi/lib/thumb/v7-m\libc_nano.a(lib_a-exit.o)
 .text.exit     0x0000000000000000       0x28 c:/st/stm32cubeide_1.4.0/stm32cubeide/plugins/com.st.stm32cube.ide.mcu.externaltools.gnu-tools-for-stm32.7-2018-q2-update.win32_1.4.0.202007081208/tools/bin/../lib/gcc/arm-none-eabi/7.3.1/../../../../arm-none-eabi/lib/thumb/v7-m\libc_nano.a(lib_a-exit.o)
 .debug_frame   0x0000000000000000       0x28 c:/st/stm32cubeide_1.4.0/stm32cubeide/plugins/com.st.stm32cube.ide.mcu.externaltools.gnu-tools-for-stm32.7-2018-q2-update.win32_1.4.0.202007081208/tools/bin/../lib/gcc/arm-none-eabi/7.3.1/../../../../arm-none-eabi/lib/thumb/v7-m\libc_nano.a(lib_a-exit.o)
 .ARM.attributes
                0x0000000000000000       0x2d c:/st/stm32cubeide_1.4.0/stm32cubeide/plugins/com.st.stm32cube.ide.mcu.externaltools.gnu-tools-for-stm32.7-2018-q2-update.win32_1.4.0.202007081208/tools/bin/../lib/gcc/arm-none-eabi/7.3.1/../../../../arm-none-eabi/lib/thumb/v7-m\libc_nano.a(lib_a-exit.o)
 .text          0x0000000000000000        0x0 c:/st/stm32cubeide_1.4.0/stm32cubeide/plugins/com.st.stm32cube.ide.mcu.externaltools.gnu-tools-for-stm32.7-2018-q2-update.win32_1.4.0.202007081208/tools/bin/../lib/gcc/arm-none-eabi/7.3.1/../../../../arm-none-eabi/lib/thumb/v7-m\libc_nano.a(lib_a-impure.o)
 .data          0x0000000000000000        0x0 c:/st/stm32cubeide_1.4.0/stm32cubeide/plugins/com.st.stm32cube.ide.mcu.externaltools.gnu-tools-for-stm32.7-2018-q2-update.win32_1.4.0.202007081208/tools/bin/../lib/gcc/arm-none-eabi/7.3.1/../../../../arm-none-eabi/lib/thumb/v7-m\libc_nano.a(lib_a-impure.o)
 .bss           0x0000000000000000        0x0 c:/st/stm32cubeide_1.4.0/stm32cubeide/plugins/com.st.stm32cube.ide.mcu.externaltools.gnu-tools-for-stm32.7-2018-q2-update.win32_1.4.0.202007081208/tools/bin/../lib/gcc/arm-none-eabi/7.3.1/../../../../arm-none-eabi/lib/thumb/v7-m\libc_nano.a(lib_a-impure.o)
 .data._impure_ptr
                0x0000000000000000        0x4 c:/st/stm32cubeide_1.4.0/stm32cubeide/plugins/com.st.stm32cube.ide.mcu.externaltools.gnu-tools-for-stm32.7-2018-q2-update.win32_1.4.0.202007081208/tools/bin/../lib/gcc/arm-none-eabi/7.3.1/../../../../arm-none-eabi/lib/thumb/v7-m\libc_nano.a(lib_a-impure.o)
 .data.impure_data
                0x0000000000000000       0x60 c:/st/stm32cubeide_1.4.0/stm32cubeide/plugins/com.st.stm32cube.ide.mcu.externaltools.gnu-tools-for-stm32.7-2018-q2-update.win32_1.4.0.202007081208/tools/bin/../lib/gcc/arm-none-eabi/7.3.1/../../../../arm-none-eabi/lib/thumb/v7-m\libc_nano.a(lib_a-impure.o)
 .rodata._global_impure_ptr
                0x0000000000000000        0x4 c:/st/stm32cubeide_1.4.0/stm32cubeide/plugins/com.st.stm32cube.ide.mcu.externaltools.gnu-tools-for-stm32.7-2018-q2-update.win32_1.4.0.202007081208/tools/bin/../lib/gcc/arm-none-eabi/7.3.1/../../../../arm-none-eabi/lib/thumb/v7-m\libc_nano.a(lib_a-impure.o)
 .ARM.attributes
                0x0000000000000000       0x2d c:/st/stm32cubeide_1.4.0/stm32cubeide/plugins/com.st.stm32cube.ide.mcu.externaltools.gnu-tools-for-stm32.7-2018-q2-update.win32_1.4.0.202007081208/tools/bin/../lib/gcc/arm-none-eabi/7.3.1/../../../../arm-none-eabi/lib/thumb/v7-m\libc_nano.a(lib_a-impure.o)
 .text          0x0000000000000000        0x0 c:/st/stm32cubeide_1.4.0/stm32cubeide/plugins/com.st.stm32cube.ide.mcu.externaltools.gnu-tools-for-stm32.7-2018-q2-update.win32_1.4.0.202007081208/tools/bin/../lib/gcc/arm-none-eabi/7.3.1/../../../../arm-none-eabi/lib/thumb/v7-m\libc_nano.a(lib_a-init.o)
 .data          0x0000000000000000        0x0 c:/st/stm32cubeide_1.4.0/stm32cubeide/plugins/com.st.stm32cube.ide.mcu.externaltools.gnu-tools-for-stm32.7-2018-q2-update.win32_1.4.0.202007081208/tools/bin/../lib/gcc/arm-none-eabi/7.3.1/../../../../arm-none-eabi/lib/thumb/v7-m\libc_nano.a(lib_a-init.o)
 .bss           0x0000000000000000        0x0 c:/st/stm32cubeide_1.4.0/stm32cubeide/plugins/com.st.stm32cube.ide.mcu.externaltools.gnu-tools-for-stm32.7-2018-q2-update.win32_1.4.0.202007081208/tools/bin/../lib/gcc/arm-none-eabi/7.3.1/../../../../arm-none-eabi/lib/thumb/v7-m\libc_nano.a(lib_a-init.o)
 .text          0x0000000000000000        0x0 c:/st/stm32cubeide_1.4.0/stm32cubeide/plugins/com.st.stm32cube.ide.mcu.externaltools.gnu-tools-for-stm32.7-2018-q2-update.win32_1.4.0.202007081208/tools/bin/../lib/gcc/arm-none-eabi/7.3.1/../../../../arm-none-eabi/lib/thumb/v7-m\libc_nano.a(lib_a-memset.o)
 .data          0x0000000000000000        0x0 c:/st/stm32cubeide_1.4.0/stm32cubeide/plugins/com.st.stm32cube.ide.mcu.externaltools.gnu-tools-for-stm32.7-2018-q2-update.win32_1.4.0.202007081208/tools/bin/../lib/gcc/arm-none-eabi/7.3.1/../../../../arm-none-eabi/lib/thumb/v7-m\libc_nano.a(lib_a-memset.o)
 .bss           0x0000000000000000        0x0 c:/st/stm32cubeide_1.4.0/stm32cubeide/plugins/com.st.stm32cube.ide.mcu.externaltools.gnu-tools-for-stm32.7-2018-q2-update.win32_1.4.0.202007081208/tools/bin/../lib/gcc/arm-none-eabi/7.3.1/../../../../arm-none-eabi/lib/thumb/v7-m\libc_nano.a(lib_a-memset.o)
 .text.memset   0x0000000000000000       0x10 c:/st/stm32cubeide_1.4.0/stm32cubeide/plugins/com.st.stm32cube.ide.mcu.externaltools.gnu-tools-for-stm32.7-2018-q2-update.win32_1.4.0.202007081208/tools/bin/../lib/gcc/arm-none-eabi/7.3.1/../../../../arm-none-eabi/lib/thumb/v7-m\libc_nano.a(lib_a-memset.o)
 .debug_frame   0x0000000000000000       0x20 c:/st/stm32cubeide_1.4.0/stm32cubeide/plugins/com.st.stm32cube.ide.mcu.externaltools.gnu-tools-for-stm32.7-2018-q2-update.win32_1.4.0.202007081208/tools/bin/../lib/gcc/arm-none-eabi/7.3.1/../../../../arm-none-eabi/lib/thumb/v7-m\libc_nano.a(lib_a-memset.o)
 .ARM.attributes
                0x0000000000000000       0x2d c:/st/stm32cubeide_1.4.0/stm32cubeide/plugins/com.st.stm32cube.ide.mcu.externaltools.gnu-tools-for-stm32.7-2018-q2-update.win32_1.4.0.202007081208/tools/bin/../lib/gcc/arm-none-eabi/7.3.1/../../../../arm-none-eabi/lib/thumb/v7-m\libc_nano.a(lib_a-memset.o)
 .text          0x0000000000000000        0x0 c:/st/stm32cubeide_1.4.0/stm32cubeide/plugins/com.st.stm32cube.ide.mcu.externaltools.gnu-tools-for-stm32.7-2018-q2-update.win32_1.4.0.202007081208/tools/bin/../lib/gcc/arm-none-eabi/7.3.1/thumb/v7-m/crtend.o
 .data          0x0000000000000000        0x0 c:/st/stm32cubeide_1.4.0/stm32cubeide/plugins/com.st.stm32cube.ide.mcu.externaltools.gnu-tools-for-stm32.7-2018-q2-update.win32_1.4.0.202007081208/tools/bin/../lib/gcc/arm-none-eabi/7.3.1/thumb/v7-m/crtend.o
 .bss           0x0000000000000000        0x0 c:/st/stm32cubeide_1.4.0/stm32cubeide/plugins/com.st.stm32cube.ide.mcu.externaltools.gnu-tools-for-stm32.7-2018-q2-update.win32_1.4.0.202007081208/tools/bin/../lib/gcc/arm-none-eabi/7.3.1/thumb/v7-m/crtend.o
 .eh_frame      0x0000000000000000        0x4 c:/st/stm32cubeide_1.4.0/stm32cubeide/plugins/com.st.stm32cube.ide.mcu.externaltools.gnu-tools-for-stm32.7-2018-q2-update.win32_1.4.0.202007081208/tools/bin/../lib/gcc/arm-none-eabi/7.3.1/thumb/v7-m/crtend.o
 .ARM.attributes
                0x0000000000000000       0x2d c:/st/stm32cubeide_1.4.0/stm32cubeide/plugins/com.st.stm32cube.ide.mcu.externaltools.gnu-tools-for-stm32.7-2018-q2-update.win32_1.4.0.202007081208/tools/bin/../lib/gcc/arm-none-eabi/7.3.1/thumb/v7-m/crtend.o
 .text          0x0000000000000000        0x0 c:/st/stm32cubeide_1.4.0/stm32cubeide/plugins/com.st.stm32cube.ide.mcu.externaltools.gnu-tools-for-stm32.7-2018-q2-update.win32_1.4.0.202007081208/tools/bin/../lib/gcc/arm-none-eabi/7.3.1/thumb/v7-m/crtn.o
 .data          0x0000000000000000        0x0 c:/st/stm32cubeide_1.4.0/stm32cubeide/plugins/com.st.stm32cube.ide.mcu.externaltools.gnu-tools-for-stm32.7-2018-q2-update.win32_1.4.0.202007081208/tools/bin/../lib/gcc/arm-none-eabi/7.3.1/thumb/v7-m/crtn.o
 .bss           0x0000000000000000        0x0 c:/st/stm32cubeide_1.4.0/stm32cubeide/plugins/com.st.stm32cube.ide.mcu.externaltools.gnu-tools-for-stm32.7-2018-q2-update.win32_1.4.0.202007081208/tools/bin/../lib/gcc/arm-none-eabi/7.3.1/thumb/v7-m/crtn.o

Memory Configuration

Name             Origin             Length             Attributes
RAM              0x0000000020000000 0x0000000000002800 xrw
ROM              0x0000000008000000 0x0000000000008000 xr
*default*        0x0000000000000000 0xffffffffffffffff

Linker script and memory map

LOAD c:/st/stm32cubeide_1.4.0/stm32cubeide/plugins/com.st.stm32cube.ide.mcu.externaltools.gnu-tools-for-stm32.7-2018-q2-update.win32_1.4.0.202007081208/tools/bin/../lib/gcc/arm-none-eabi/7.3.1/thumb/v7-m/crti.o
LOAD c:/st/stm32cubeide_1.4.0/stm32cubeide/plugins/com.st.stm32cube.ide.mcu.externaltools.gnu-tools-for-stm32.7-2018-q2-update.win32_1.4.0.202007081208/tools/bin/../lib/gcc/arm-none-eabi/7.3.1/thumb/v7-m/crtbegin.o
LOAD c:/st/stm32cubeide_1.4.0/stm32cubeide/plugins/com.st.stm32cube.ide.mcu.externaltools.gnu-tools-for-stm32.7-2018-q2-update.win32_1.4.0.202007081208/tools/bin/../lib/gcc/arm-none-eabi/7.3.1/../../../../arm-none-eabi/lib/thumb/v7-m/crt0.o
LOAD Src/main.o
LOAD Src/syscalls.o
LOAD Src/sysmem.o
LOAD Startup/startup_stm32f103c6tx.o
LOAD Stm32_F103C6_drivers/Stm32_F103C6_EXTI_driver.o
LOAD Stm32_F103C6_drivers/Stm32_F103C6_Gpio_driver.o
LOAD Stm32_F103C6_drivers/Stm32_F103C6_RCC_driver.o
LOAD Stm32_F103C6_drivers/Stm32_F103C6_UART_driver.o
START GROUP
LOAD c:/st/stm32cubeide_1.4.0/stm32cubeide/plugins/com.st.stm32cube.ide.mcu.externaltools.gnu-tools-for-stm32.7-2018-q2-update.win32_1.4.0.202007081208/tools/bin/../lib/gcc/arm-none-eabi/7.3.1/../../../../arm-none-eabi/lib/thumb/v7-m\libc_nano.a
LOAD c:/st/stm32cubeide_1.4.0/stm32cubeide/plugins/com.st.stm32cube.ide.mcu.externaltools.gnu-tools-for-stm32.7-2018-q2-update.win32_1.4.0.202007081208/tools/bin/../lib/gcc/arm-none-eabi/7.3.1/../../../../arm-none-eabi/lib/thumb/v7-m\libm.a
END GROUP
START GROUP
LOAD c:/st/stm32cubeide_1.4.0/stm32cubeide/plugins/com.st.stm32cube.ide.mcu.externaltools.gnu-tools-for-stm32.7-2018-q2-update.win32_1.4.0.202007081208/tools/bin/../lib/gcc/arm-none-eabi/7.3.1/thumb/v7-m\libgcc.a
LOAD c:/st/stm32cubeide_1.4.0/stm32cubeide/plugins/com.st.stm32cube.ide.mcu.externaltools.gnu-tools-for-stm32.7-2018-q2-update.win32_1.4.0.202007081208/tools/bin/../lib/gcc/arm-none-eabi/7.3.1/../../../../arm-none-eabi/lib/thumb/v7-m\libg_nano.a
LOAD c:/st/stm32cubeide_1.4.0/stm32cubeide/plugins/com.st.stm32cube.ide.mcu.externaltools.gnu-tools-for-stm32.7-2018-q2-update.win32_1.4.0.202007081208/tools/bin/../lib/gcc/arm-none-eabi/7.3.1/../../../../arm-none-eabi/lib/thumb/v7-m\libc_nano.a
END GROUP
START GROUP
LOAD c:/st/stm32cubeide_1.4.0/stm32cubeide/plugins/com.st.stm32cube.ide.mcu.externaltools.gnu-tools-for-stm32.7-2018-q2-update.win32_1.4.0.202007081208/tools/bin/../lib/gcc/arm-none-eabi/7.3.1/thumb/v7-m\libgcc.a
LOAD c:/st/stm32cubeide_1.4.0/stm32cubeide/plugins/com.st.stm32cube.ide.mcu.externaltools.gnu-tools-for-stm32.7-2018-q2-update.win32_1.4.0.202007081208/tools/bin/../lib/gcc/arm-none-eabi/7.3.1/../../../../arm-none-eabi/lib/thumb/v7-m\libc_nano.a
LOAD c:/st/stm32cubeide_1.4.0/stm32cubeide/plugins/com.st.stm32cube.ide.mcu.externaltools.gnu-tools-for-stm32.7-2018-q2-update.win32_1.4.0.202007081208/tools/bin/../lib/gcc/arm-none-eabi/7.3.1/../../../../arm-none-eabi/lib/thumb/v7-m\libnosys.a
END GROUP
START GROUP
LOAD c:/st/stm32cubeide_1.4.0/stm32cubeide/plugins/com.st.stm32cube.ide.mcu.externaltools.gnu-tools-for-stm32.7-2018-q2-update.win32_1.4.0.202007081208/tools/bin/../lib/gcc/arm-none-eabi/7.3.1/thumb/v7-m\libgcc.a
LOAD c:/st/stm32cubeide_1.4.0/stm32cubeide/plugins/com.st.stm32cube.ide.mcu.externaltools.gnu-tools-for-stm32.7-2018-q2-update.win32_1.4.0.202007081208/tools/bin/../lib/gcc/arm-none-eabi/7.3.1/../../../../arm-none-eabi/lib/thumb/v7-m\libc_nano.a
LOAD c:/st/stm32cubeide_1.4.0/stm32cubeide/plugins/com.st.stm32cube.ide.mcu.externaltools.gnu-tools-for-stm32.7-2018-q2-update.win32_1.4.0.202007081208/tools/bin/../lib/gcc/arm-none-eabi/7.3.1/../../../../arm-none-eabi/lib/thumb/v7-m\libnosys.a
END GROUP
LOAD c:/st/stm32cubeide_1.4.0/stm32cubeide/plugins/com.st.stm32cube.ide.mcu.externaltools.gnu-tools-for-stm32.7-2018-q2-update.win32_1.4.0.202007081208/tools/bin/../lib/gcc/arm-none-eabi/7.3.1/thumb/v7-m/crtend.o
LOAD c:/st/stm32cubeide_1.4.0/stm32cubeide/plugins/com.st.stm32cube.ide.mcu.externaltools.gnu-tools-for-stm32.7-2018-q2-update.win32_1.4.0.202007081208/tools/bin/../lib/gcc/arm-none-eabi/7.3.1/thumb/v7-m/crtn.o
                0x0000000020002800                _estack = (ORIGIN (RAM) + LENGTH (RAM))
                0x0000000000000200                _Min_Heap_Size = 0x200
                0x0000000000000400                _Min_Stack_Size = 0x400

.isr_vector     0x0000000008000000      0x130
                0x0000000008000000                . = ALIGN (0x4)
 *(.isr_vector)
 .isr_vector    0x0000000008000000      0x130 Startup/startup_stm32f103c6tx.o
                0x0000000008000000                g_pfnVectors
                0x0000000008000130                . = ALIGN (0x4)

.text           0x0000000008000130      0x86c
                0x0000000008000130                . = ALIGN (0x4)
 *(.text)
 .text          0x0000000008000130       0x40 c:/st/stm32cubeide_1.4.0/stm32cubeide/plugins/com.st.stm32cube.ide.mcu.externaltools.gnu-tools-for-stm32.7-2018-q2-update.win32_1.4.0.202007081208/tools/bin/../lib/gcc/arm-none-eabi/7.3.1/thumb/v7-m/crtbegin.o
 *(.text*)
 .text.Clock_Init
                0x0000000008000170       0x34 Src/main.o
                0x0000000008000170                Clock_Init
 .text.N_CallBack
                0x00000000080001a4       0x24 Src/main.o
                0x00000000080001a4                N_CallBack
 .text.main     0x00000000080001c8       0x48 Src/main.o
                0x00000000080001c8                main
 .text.Reset_Handler
                0x0000000008000210       0x50 Startup/startup_stm32f103c6tx.o
                0x0000000008000210                Reset_Handler
 .text.Default_Handler
                0x0000000008000260        0x2 Startup/startup_stm32f103c6tx.o
                0x0000000008000260                EXTI2_IRQHandler
                0x0000000008000260                TIM8_TRG_COM_IRQHandler
                0x0000000008000260                TIM8_CC_IRQHandler
                0x0000000008000260                DebugMon_Handler
                0x0000000008000260                TIM1_CC_IRQHandler
                0x0000000008000260                HardFault_Handler
                0x0000000008000260                TIM6_IRQHandler
                0x0000000008000260                SysTick_Handler
                0x0000000008000260                PVD_IRQHandler
                0x0000000008000260                SDIO_IRQHandler
                0x0000000008000260                PendSV_Handler
                0x0000000008000260                NMI_Handler
                0x0000000008000260                EXTI3_IRQHandler
                0x0000000008000260                USB_HP_CAN_TX_IRQHandler
                0x0000000008000260                EXTI0_IRQHandler
                0x0000000008000260                I2C2_EV_IRQHandler
                0x0000000008000260                UsageFault_Handler
                0x0000000008000260                ADC1_2_IRQHandler
                0x0000000008000260                SPI1_IRQHandler
                0x0000000008000260                CAN_SCE_IRQHandler
                0x0000000008000260                TAMPER_IRQHandler
                0x0000000008000260                TIM8_UP_IRQHandler
                0x0000000008000260                DMA2_Channel2_IRQHandler
                0x0000000008000260                DMA1_Channel4_IRQHandler
                0x0000000008000260                RTC_IRQHandler
                0x0000000008000260                DMA1_Channel7_IRQHandler
                0x0000000008000260                UART5_IRQHandler
                0x0000000008000260                ADC3_IRQHandler
                0x0000000008000260                TIM4_IRQHandler
                0x0000000008000260                CAN_RX1_IRQHandler
                0x0000000008000260                DMA2_Channel1_IRQHandler
                0x0000000008000260                I2C1_EV_IRQHandler
                0x0000000008000260                DMA1_Channel6_IRQHandler
                0x0000000008000260                UART4_IRQHandler
                0x0000000008000260                TIM3_IRQHandler
                0x0000000008000260                RCC_IRQHandler
                0x0000000008000260                TIM1_TRG_COM_IRQHandler
                0x0000000008000260                DMA1_Channel1_IRQHandler
                0x0000000008000260                Default_Handler
                0x0000000008000260                EXTI15_10_IRQHandler
                0x0000000008000260                TIM7_IRQHandler
                0x0000000008000260                TIM5_IRQHandler
                0x0000000008000260                EXTI9_5_IRQHandler
                0x0000000008000260                SPI2_IRQHandler
                0x0000000008000260                USB_LP_CAN_RX0_IRQHandler
                0x0000000008000260                MemManage_Handler
                0x0000000008000260                SVC_Handler
                0x0000000008000260                DMA1_Channel5_IRQHandler
                0x0000000008000260                EXTI4_IRQHandler
                0x0000000008000260                DMA1_Channel3_IRQHandler
                0x0000000008000260                FSMC_IRQHandler
                0x0000000008000260                TIM1_UP_IRQHandler
                0x0000000008000260                WWDG_IRQHandler
                0x0000000008000260                TIM2_IRQHandler
                0x0000000008000260                TIM1_BRK_IRQHandler
                0x0000000008000260                EXTI1_IRQHandler
                0x0000000008000260                RTCAlarm_IRQHandler
                0x0000000008000260                DMA2_Channel4_5_IRQHandler
                0x0000000008000260                I2C2_ER_IRQHandler
                0x0000000008000260                DMA1_Channel2_IRQHandler
                0x0000000008000260                TIM8_BRK_IRQHandler
                0x0000000008000260                FLASH_IRQHandler
                0x0000000008000260                BusFault_Handler
                0x0000000008000260                SPI3_IRQHandler
                0x0000000008000260                I2C1_ER_IRQHandler
                0x0000000008000260                DMA2_Channel3_IRQHandler
 .text.Get_CRLH_Position
                0x0000000008000262       0xc6 Stm32_F103C6_drivers/Stm32_F103C6_Gpio_driver.o
                0x0000000008000262                Get_CRLH_Position
 .text.MCAL_GPIO_Init
                0x0000000008000328       0xf8 Stm32_F103C6_drivers/Stm32_F103C6_Gpio_driver.o
                0x0000000008000328                MCAL_GPIO_Init
 .text.MCAL_RCC_GetSys_freq
                0x0000000008000420       0x3c Stm32_F103C6_drivers/Stm32_F103C6_RCC_driver.o
                0x0000000008000420                MCAL_RCC_GetSys_freq
 .text.MCAL_RCC_GetHCLK_freq
                0x000000000800045c       0x28 Stm32_F103C6_drivers/Stm32_F103C6_RCC_driver.o
                0x000000000800045c                MCAL_RCC_GetHCLK_freq
 .text.MCAL_RCC_GetPCLK1_freq
                0x0000000008000484       0x28 Stm32_F103C6_drivers/Stm32_F103C6_RCC_driver.o
                0x0000000008000484                MCAL_RCC_GetPCLK1_freq
 .text.MCAL_RCC_GetPCLK2_freq
                0x00000000080004ac       0x28 Stm32_F103C6_drivers/Stm32_F103C6_RCC_driver.o
                0x00000000080004ac                MCAL_RCC_GetPCLK2_freq
 .text.UART_MCAL_Init
                0x00000000080004d4      0x1b8 Stm32_F103C6_drivers/Stm32_F103C6_UART_driver.o
                0x00000000080004d4                UART_MCAL_Init
 .text.UART_MCAL_Send_Data
                0x000000000800068c       0x36 Stm32_F103C6_drivers/Stm32_F103C6_UART_driver.o
                0x000000000800068c                UART_MCAL_Send_Data
 *fill*         0x00000000080006c2        0x2 
 .text.UART_MCAL_Recieve_Data
                0x00000000080006c4       0x64 Stm32_F103C6_drivers/Stm32_F103C6_UART_driver.o
                0x00000000080006c4                UART_MCAL_Recieve_Data
 .text.UART_MCAL_GPIO_Set_Pins
                0x0000000008000728      0x1d8 Stm32_F103C6_drivers/Stm32_F103C6_UART_driver.o
                0x0000000008000728                UART_MCAL_GPIO_Set_Pins
 .text.USART1_IRQHandler
                0x0000000008000900       0x14 Stm32_F103C6_drivers/Stm32_F103C6_UART_driver.o
                0x0000000008000900                USART1_IRQHandler
 .text.USART2_IRQHandler
                0x0000000008000914       0x14 Stm32_F103C6_drivers/Stm32_F103C6_UART_driver.o
                0x0000000008000914                USART2_IRQHandler
 .text.USART3_IRQHandler
                0x0000000008000928       0x14 Stm32_F103C6_drivers/Stm32_F103C6_UART_driver.o
                0x0000000008000928                USART3_IRQHandler
 .text.__libc_init_array
                0x000000000800093c       0x48 c:/st/stm32cubeide_1.4.0/stm32cubeide/plugins/com.st.stm32cube.ide.mcu.externaltools.gnu-tools-for-stm32.7-2018-q2-update.win32_1.4.0.202007081208/tools/bin/../lib/gcc/arm-none-eabi/7.3.1/../../../../arm-none-eabi/lib/thumb/v7-m\libc_nano.a(lib_a-init.o)
                0x000000000800093c                __libc_init_array
 *(.glue_7)
 .glue_7        0x0000000008000984        0x0 linker stubs
 *(.glue_7t)
 .glue_7t       0x0000000008000984        0x0 linker stubs
 *(.eh_frame)
 .eh_frame      0x0000000008000984        0x0 c:/st/stm32cubeide_1.4.0/stm32cubeide/plugins/com.st.stm32cube.ide.mcu.externaltools.gnu-tools-for-stm32.7-2018-q2-update.win32_1.4.0.202007081208/tools/bin/../lib/gcc/arm-none-eabi/7.3.1/thumb/v7-m/crtbegin.o
 *(.init)
 .init          0x0000000008000984        0x4 c:/st/stm32cubeide_1.4.0/stm32cubeide/plugins/com.st.stm32cube.ide.mcu.externaltools.gnu-tools-for-stm32.7-2018-q2-update.win32_1.4.0.202007081208/tools/bin/../lib/gcc/arm-none-eabi/7.3.1/thumb/v7-m/crti.o
                0x0000000008000984                _init
 .init          0x0000000008000988        0x8 c:/st/stm32cubeide_1.4.0/stm32cubeide/plugins/com.st.stm32cube.ide.mcu.externaltools.gnu-tools-for-stm32.7-2018-q2-update.win32_1.4.0.202007081208/tools/bin/../lib/gcc/arm-none-eabi/7.3.1/thumb/v7-m/crtn.o
 *(.fini)
 .fini          0x0000000008000990        0x4 c:/st/stm32cubeide_1.4.0/stm32cubeide/plugins/com.st.stm32cube.ide.mcu.externaltools.gnu-tools-for-stm32.7-2018-q2-update.win32_1.4.0.202007081208/tools/bin/../lib/gcc/arm-none-eabi/7.3.1/thumb/v7-m/crti.o
                0x0000000008000990                _fini
 .fini          0x0000000008000994        0x8 c:/st/stm32cubeide_1.4.0/stm32cubeide/plugins/com.st.stm32cube.ide.mcu.externaltools.gnu-tools-for-stm32.7-2018-q2-update.win32_1.4.0.202007081208/tools/bin/../lib/gcc/arm-none-eabi/7.3.1/thumb/v7-m/crtn.o
                0x000000000800099c                . = ALIGN (0x4)
                0x000000000800099c                _etext = .

.vfp11_veneer   0x000000000800099c        0x0
 .vfp11_veneer  0x000000000800099c        0x0 linker stubs

.v4_bx          0x000000000800099c        0x0
 .v4_bx         0x000000000800099c        0x0 linker stubs

.iplt           0x000000000800099c        0x0
 .iplt          0x000000000800099c        0x0 c:/st/stm32cubeide_1.4.0/stm32cubeide/plugins/com.st.stm32cube.ide.mcu.externaltools.gnu-tools-for-stm32.7-2018-q2-update.win32_1.4.0.202007081208/tools/bin/../lib/gcc/arm-none-eabi/7.3.1/thumb/v7-m/crtbegin.o

.rodata         0x000000000800099c       0x18
                0x000000000800099c                . = ALIGN (0x4)
 *(.rodata)
 *(.rodata*)
 .rodata.APBPreSctable
                0x000000000800099c        0x8 Stm32_F103C6_drivers/Stm32_F103C6_RCC_driver.o
                0x000000000800099c                APBPreSctable
 .rodata.AHBPreSctable
                0x00000000080009a4       0x10 Stm32_F103C6_drivers/Stm32_F103C6_RCC_driver.o
                0x00000000080009a4                AHBPreSctable
                0x00000000080009b4                . = ALIGN (0x4)

.rel.dyn        0x00000000080009b4        0x0
 .rel.iplt      0x00000000080009b4        0x0 c:/st/stm32cubeide_1.4.0/stm32cubeide/plugins/com.st.stm32cube.ide.mcu.externaltools.gnu-tools-for-stm32.7-2018-q2-update.win32_1.4.0.202007081208/tools/bin/../lib/gcc/arm-none-eabi/7.3.1/thumb/v7-m/crtbegin.o

.ARM.extab      0x00000000080009b4        0x0
                0x00000000080009b4                . = ALIGN (0x4)
 *(.ARM.extab* .gnu.linkonce.armextab.*)
                0x00000000080009b4                . = ALIGN (0x4)

.ARM            0x00000000080009b4        0x0
                0x00000000080009b4                . = ALIGN (0x4)
                0x00000000080009b4                __exidx_start = .
 *(.ARM.exidx*)
                0x00000000080009b4                __exidx_end = .
                0x00000000080009b4                . = ALIGN (0x4)

.preinit_array  0x00000000080009b4        0x0
                0x00000000080009b4                . = ALIGN (0x4)
                0x00000000080009b4                PROVIDE (__preinit_array_start = .)
 *(.preinit_array*)
                0x00000000080009b4                PROVIDE (__preinit_array_end = .)
                0x00000000080009b4                . = ALIGN (0x4)

.init_array     0x00000000080009b4        0x4
                0x00000000080009b4                . = ALIGN (0x4)
                0x00000000080009b4                PROVIDE (__init_array_start = .)
 *(SORT_BY_NAME(.init_array.*))
 *(.init_array*)
 .init_array    0x00000000080009b4        0x4 c:/st/stm32cubeide_1.4.0/stm32cubeide/plugins/com.st.stm32cube.ide.mcu.externaltools.gnu-tools-for-stm32.7-2018-q2-update.win32_1.4.0.202007081208/tools/bin/../lib/gcc/arm-none-eabi/7.3.1/thumb/v7-m/crtbegin.o
                0x00000000080009b8                PROVIDE (__init_array_end = .)
                0x00000000080009b8                . = ALIGN (0x4)

.fini_array     0x00000000080009b8        0x4
                0x00000000080009b8                . = ALIGN (0x4)
                [!provide]                        PROVIDE (__fini_array_start = .)
 *(SORT_BY_NAME(.fini_array.*))
 *(.fini_array*)
 .fini_array    0x00000000080009b8        0x4 c:/st/stm32cubeide_1.4.0/stm32cubeide/plugins/com.st.stm32cube.ide.mcu.externaltools.gnu-tools-for-stm32.7-2018-q2-update.win32_1.4.0.202007081208/tools/bin/../lib/gcc/arm-none-eabi/7.3.1/thumb/v7-m/crtbegin.o
                [!provide]                        PROVIDE (__fini_array_end = .)
                0x00000000080009bc                . = ALIGN (0x4)
                0x00000000080009bc                _sidata = LOADADDR (.data)

.data           0x0000000020000000        0x0 load address 0x00000000080009bc
                0x0000000020000000                . = ALIGN (0x4)
                0x0000000020000000                _sdata = .
 *(.data)
 *(.data*)
                0x0000000020000000                . = ALIGN (0x4)
                0x0000000020000000                _edata = .

.igot.plt       0x0000000020000000        0x0 load address 0x00000000080009bc
 .igot.plt      0x0000000020000000        0x0 c:/st/stm32cubeide_1.4.0/stm32cubeide/plugins/com.st.stm32cube.ide.mcu.externaltools.gnu-tools-for-stm32.7-2018-q2-update.win32_1.4.0.202007081208/tools/bin/../lib/gcc/arm-none-eabi/7.3.1/thumb/v7-m/crtbegin.o
                0x0000000020000000                . = ALIGN (0x4)

.bss            0x0000000020000000       0x2c load address 0x00000000080009bc
                0x0000000020000000                _sbss = .
                0x0000000020000000                __bss_start__ = _sbss
 *(.bss)
 .bss           0x0000000020000000       0x1c c:/st/stm32cubeide_1.4.0/stm32cubeide/plugins/com.st.stm32cube.ide.mcu.externaltools.gnu-tools-for-stm32.7-2018-q2-update.win32_1.4.0.202007081208/tools/bin/../lib/gcc/arm-none-eabi/7.3.1/thumb/v7-m/crtbegin.o
 *(.bss*)
 .bss.GP_USART_Config
                0x000000002000001c        0x4 Stm32_F103C6_drivers/Stm32_F103C6_UART_driver.o
                0x000000002000001c                GP_USART_Config
 *(COMMON)
 COMMON         0x0000000020000020        0x1 Src/main.o
                0x0000000020000020                ch
 *fill*         0x0000000020000021        0x3 
 COMMON         0x0000000020000024        0x8 Stm32_F103C6_drivers/Stm32_F103C6_UART_driver.o
                0x0000000020000024                PCLK
                0x0000000020000028                BRR
                0x000000002000002c                . = ALIGN (0x4)
                0x000000002000002c                _ebss = .
                0x000000002000002c                __bss_end__ = _ebss

._user_heap_stack
                0x000000002000002c      0x604 load address 0x00000000080009bc
                0x0000000020000030                . = ALIGN (0x8)
 *fill*         0x000000002000002c        0x4 
                [!provide]                        PROVIDE (end = .)
                0x0000000020000030                PROVIDE (_end = .)
                0x0000000020000230                . = (. + _Min_Heap_Size)
 *fill*         0x0000000020000030      0x200 
                0x0000000020000630                . = (. + _Min_Stack_Size)
 *fill*         0x0000000020000230      0x400 
                0x0000000020000630                . = ALIGN (0x8)

/DISCARD/
 libc.a(*)
 libm.a(*)
 libgcc.a(*)

.ARM.attributes
                0x0000000000000000       0x29
 *(.ARM.attributes)
 .ARM.attributes
                0x0000000000000000       0x1d c:/st/stm32cubeide_1.4.0/stm32cubeide/plugins/com.st.stm32cube.ide.mcu.externaltools.gnu-tools-for-stm32.7-2018-q2-update.win32_1.4.0.202007081208/tools/bin/../lib/gcc/arm-none-eabi/7.3.1/thumb/v7-m/crti.o
 .ARM.attributes
                0x000000000000001d       0x2d c:/st/stm32cubeide_1.4.0/stm32cubeide/plugins/com.st.stm32cube.ide.mcu.externaltools.gnu-tools-for-stm32.7-2018-q2-update.win32_1.4.0.202007081208/tools/bin/../lib/gcc/arm-none-eabi/7.3.1/thumb/v7-m/crtbegin.o
 .ARM.attributes
                0x000000000000004a       0x33 Src/main.o
 .ARM.attributes
                0x000000000000007d       0x21 Startup/startup_stm32f103c6tx.o
 .ARM.attributes
                0x000000000000009e       0x33 Stm32_F103C6_drivers/Stm32_F103C6_Gpio_driver.o
 .ARM.attributes
                0x00000000000000d1       0x33 Stm32_F103C6_drivers/Stm32_F103C6_RCC_driver.o
 .ARM.attributes
                0x0000000000000104       0x33 Stm32_F103C6_drivers/Stm32_F103C6_UART_driver.o
 .ARM.attributes
                0x0000000000000137       0x2d c:/st/stm32cubeide_1.4.0/stm32cubeide/plugins/com.st.stm32cube.ide.mcu.externaltools.gnu-tools-for-stm32.7-2018-q2-update.win32_1.4.0.202007081208/tools/bin/../lib/gcc/arm-none-eabi/7.3.1/../../../../arm-none-eabi/lib/thumb/v7-m\libc_nano.a(lib_a-init.o)
 .ARM.attributes
                0x0000000000000164       0x1d c:/st/stm32cubeide_1.4.0/stm32cubeide/plugins/com.st.stm32cube.ide.mcu.externaltools.gnu-tools-for-stm32.7-2018-q2-update.win32_1.4.0.202007081208/tools/bin/../lib/gcc/arm-none-eabi/7.3.1/thumb/v7-m/crtn.o
OUTPUT(UART_driver.elf elf32-littlearm)

.debug_info     0x0000000000000000     0x3244
 .debug_info    0x0000000000000000      0xbcd Src/main.o
 .debug_info    0x0000000000000bcd       0x22 Startup/startup_stm32f103c6tx.o
 .debug_info    0x0000000000000bef      0xd4a Stm32_F103C6_drivers/Stm32_F103C6_Gpio_driver.o
 .debug_info    0x0000000000001939      0xb09 Stm32_F103C6_drivers/Stm32_F103C6_RCC_driver.o
 .debug_info    0x0000000000002442      0xe02 Stm32_F103C6_drivers/Stm32_F103C6_UART_driver.o

.debug_abbrev   0x0000000000000000      0x7c2
 .debug_abbrev  0x0000000000000000      0x1dc Src/main.o
 .debug_abbrev  0x00000000000001dc       0x12 Startup/startup_stm32f103c6tx.o
 .debug_abbrev  0x00000000000001ee      0x223 Stm32_F103C6_drivers/Stm32_F103C6_Gpio_driver.o
 .debug_abbrev  0x0000000000000411      0x19b Stm32_F103C6_drivers/Stm32_F103C6_RCC_driver.o
 .debug_abbrev  0x00000000000005ac      0x216 Stm32_F103C6_drivers/Stm32_F103C6_UART_driver.o

.debug_loc      0x0000000000000000      0x734
 .debug_loc     0x0000000000000000       0xa8 Src/main.o
 .debug_loc     0x00000000000000a8      0x330 Stm32_F103C6_drivers/Stm32_F103C6_Gpio_driver.o
 .debug_loc     0x00000000000003d8       0xc8 Stm32_F103C6_drivers/Stm32_F103C6_RCC_driver.o
 .debug_loc     0x00000000000004a0      0x294 Stm32_F103C6_drivers/Stm32_F103C6_UART_driver.o

.debug_aranges  0x0000000000000000      0x150
 .debug_aranges
                0x0000000000000000       0x30 Src/main.o
 .debug_aranges
                0x0000000000000030       0x28 Startup/startup_stm32f103c6tx.o
 .debug_aranges
                0x0000000000000058       0x60 Stm32_F103C6_drivers/Stm32_F103C6_Gpio_driver.o
 .debug_aranges
                0x00000000000000b8       0x38 Stm32_F103C6_drivers/Stm32_F103C6_RCC_driver.o
 .debug_aranges
                0x00000000000000f0       0x60 Stm32_F103C6_drivers/Stm32_F103C6_UART_driver.o

.debug_ranges   0x0000000000000000      0x108
 .debug_ranges  0x0000000000000000       0x20 Src/main.o
 .debug_ranges  0x0000000000000020       0x20 Startup/startup_stm32f103c6tx.o
 .debug_ranges  0x0000000000000040       0x50 Stm32_F103C6_drivers/Stm32_F103C6_Gpio_driver.o
 .debug_ranges  0x0000000000000090       0x28 Stm32_F103C6_drivers/Stm32_F103C6_RCC_driver.o
 .debug_ranges  0x00000000000000b8       0x50 Stm32_F103C6_drivers/Stm32_F103C6_UART_driver.o

.debug_macro    0x0000000000000000     0x20d5
 .debug_macro   0x0000000000000000      0x157 Src/main.o
 .debug_macro   0x0000000000000157      0xa60 Src/main.o
 .debug_macro   0x0000000000000bb7       0x18 Src/main.o
 .debug_macro   0x0000000000000bcf       0x22 Src/main.o
 .debug_macro   0x0000000000000bf1       0x40 Src/main.o
 .debug_macro   0x0000000000000c31       0x94 Src/main.o
 .debug_macro   0x0000000000000cc5       0x3c Src/main.o
 .debug_macro   0x0000000000000d01       0x34 Src/main.o
 .debug_macro   0x0000000000000d35       0x16 Src/main.o
 .debug_macro   0x0000000000000d4b      0x10e Src/main.o
 .debug_macro   0x0000000000000e59       0x8d Src/main.o
 .debug_macro   0x0000000000000ee6       0x57 Src/main.o
 .debug_macro   0x0000000000000f3d       0x52 Src/main.o
 .debug_macro   0x0000000000000f8f       0x1f Src/main.o
 .debug_macro   0x0000000000000fae       0x43 Src/main.o
 .debug_macro   0x0000000000000ff1       0x20 Src/main.o
 .debug_macro   0x0000000000001011      0x1a3 Src/main.o
 .debug_macro   0x00000000000011b4      0x330 Src/main.o
 .debug_macro   0x00000000000014e4       0x16 Src/main.o
 .debug_macro   0x00000000000014fa       0x29 Src/main.o
 .debug_macro   0x0000000000001523       0xef Src/main.o
 .debug_macro   0x0000000000001612       0x6a Src/main.o
 .debug_macro   0x000000000000167c      0x1df Src/main.o
 .debug_macro   0x000000000000185b      0x2be Src/main.o
 .debug_macro   0x0000000000001b19       0xd0 Src/main.o
 .debug_macro   0x0000000000001be9       0x16 Src/main.o
 .debug_macro   0x0000000000001bff       0xe2 Src/main.o
 .debug_macro   0x0000000000001ce1      0x13f Stm32_F103C6_drivers/Stm32_F103C6_Gpio_driver.o
 .debug_macro   0x0000000000001e20      0x14e Stm32_F103C6_drivers/Stm32_F103C6_RCC_driver.o
 .debug_macro   0x0000000000001f6e       0x10 Stm32_F103C6_drivers/Stm32_F103C6_RCC_driver.o
 .debug_macro   0x0000000000001f7e      0x157 Stm32_F103C6_drivers/Stm32_F103C6_UART_driver.o

.debug_line     0x0000000000000000     0x192c
 .debug_line    0x0000000000000000      0x5a1 Src/main.o
 .debug_line    0x00000000000005a1       0x84 Startup/startup_stm32f103c6tx.o
 .debug_line    0x0000000000000625      0x671 Stm32_F103C6_drivers/Stm32_F103C6_Gpio_driver.o
 .debug_line    0x0000000000000c96      0x5b4 Stm32_F103C6_drivers/Stm32_F103C6_RCC_driver.o
 .debug_line    0x000000000000124a      0x6e2 Stm32_F103C6_drivers/Stm32_F103C6_UART_driver.o

.debug_str      0x0000000000000000     0x8b6a
 .debug_str     0x0000000000000000     0x87f5 Src/main.o
                                       0x8a61 (size before relaxing)
 .debug_str     0x00000000000087f5       0x31 Startup/startup_stm32f103c6tx.o
                                         0x52 (size before relaxing)
 .debug_str     0x0000000000008826      0x188 Stm32_F103C6_drivers/Stm32_F103C6_Gpio_driver.o
                                       0x8444 (size before relaxing)
 .debug_str     0x00000000000089ae       0xa7 Stm32_F103C6_drivers/Stm32_F103C6_RCC_driver.o
                                       0x83a8 (size before relaxing)
 .debug_str     0x0000000000008a55      0x115 Stm32_F103C6_drivers/Stm32_F103C6_UART_driver.o
                                       0x8baf (size before relaxing)

.comment        0x0000000000000000       0x7b
 .comment       0x0000000000000000       0x7b Src/main.o
                                         0x7c (size before relaxing)
 .comment       0x000000000000007b       0x7c Stm32_F103C6_drivers/Stm32_F103C6_Gpio_driver.o
 .comment       0x000000000000007b       0x7c Stm32_F103C6_drivers/Stm32_F103C6_RCC_driver.o
 .comment       0x000000000000007b       0x7c Stm32_F103C6_drivers/Stm32_F103C6_UART_driver.o

.debug_frame    0x0000000000000000      0x3e0
 .debug_frame   0x0000000000000000       0x6c Src/main.o
 .debug_frame   0x000000000000006c      0x178 Stm32_F103C6_drivers/Stm32_F103C6_Gpio_driver.o
 .debug_frame   0x00000000000001e4       0x84 Stm32_F103C6_drivers/Stm32_F103C6_RCC_driver.o
 .debug_frame   0x0000000000000268      0x14c Stm32_F103C6_drivers/Stm32_F103C6_UART_driver.o
 .debug_frame   0x00000000000003b4       0x2c c:/st/stm32cubeide_1.4.0/stm32cubeide/plugins/com.st.stm32cube.ide.mcu.externaltools.gnu-tools-for-stm32.7-2018-q2-update.win32_1.4.0.202007081208/tools/bin/../lib/gcc/arm-none-eabi/7.3.1/../../../../arm-none-eabi/lib/thumb/v7-m\libc_nano.a(lib_a-init.o)
